OpenJDK 64-Bit Server VM (25.212-b03) for linux-amd64 JRE (1.8.0_212-8u212-b03-0ubuntu1.16.04.1-b03), built on Apr 26 2019 02:02:50 by "buildd" with gcc 5.4.0 20160609
Memory: 4k page, physical 8167900k(5838528k free), swap 8386556k(8386556k free)
CommandLine flags: -XX:+ExplicitGCInvokesConcurrent -XX:GCLogFileSize=104857600 -XX:InitialHeapSize=1073741824 -XX:InitiatingHeapOccupancyPercent=35 -XX:+ManagementServer -XX:MaxGCPauseMillis=20 -XX:MaxHeapSize=1073741824 -XX:NumberOfGCLogFiles=10 -XX:+PrintGC -XX:+PrintGCDateStamps -XX:+PrintGCDetails -XX:+PrintGCTimeStamps -XX:+UseCompressedClassPointers -XX:+UseCompressedOops -XX:+UseG1GC -XX:+UseGCLogFileRotation 
2019-05-22T12:13:07.648+0100: 3,215: [GC pause (G1 Evacuation Pause) (young), 0,1340434 secs]
   [Parallel Time: 52,7 ms, GC Workers: 4]
      [GC Worker Start (ms): Min: 3214,9, Avg: 3215,2, Max: 3215,5, Diff: 0,6]
      [Ext Root Scanning (ms): Min: 0,2, Avg: 6,9, Max: 26,2, Diff: 25,9, Sum: 27,6]
      [Update RS (ms): Min: 0,0, Avg: 0,0, Max: 0,0, Diff: 0,0, Sum: 0,0]
         [Processed Buffers: Min: 0, Avg: 0,0, Max: 0, Diff: 0, Sum: 0]
      [Scan RS (ms): Min: 0,0, Avg: 0,0, Max: 0,0, Diff: 0,0, Sum: 0,0]
      [Code Root Scanning (ms): Min: 0,0, Avg: 0,1, Max: 0,4, Diff: 0,4, Sum: 0,6]
      [Object Copy (ms): Min: 26,3, Avg: 45,1, Max: 51,6, Diff: 25,3, Sum: 180,4]
      [Termination (ms): Min: 0,0, Avg: 0,0, Max: 0,0, Diff: 0,0, Sum: 0,0]
         [Termination Attempts: Min: 1, Avg: 5,5, Max: 9, Diff: 8, Sum: 22]
      [GC Worker Other (ms): Min: 0,0, Avg: 0,0, Max: 0,0, Diff: 0,0, Sum: 0,1]
      [GC Worker Total (ms): Min: 51,9, Avg: 52,2, Max: 52,5, Diff: 0,6, Sum: 208,7]
      [GC Worker End (ms): Min: 3267,4, Avg: 3267,4, Max: 3267,4, Diff: 0,0]
   [Code Root Fixup: 0,0 ms]
   [Code Root Purge: 0,0 ms]
   [Clear CT: 0,8 ms]
   [Other: 80,6 ms]
      [Choose CSet: 0,0 ms]
      [Ref Proc: 79,3 ms]
      [Ref Enq: 0,0 ms]
      [Redirty Cards: 0,7 ms]
      [Humongous Register: 0,0 ms]
      [Humongous Reclaim: 0,0 ms]
      [Free CSet: 0,1 ms]
   [Eden: 51,0M(51,0M)->0,0B(44,0M) Survivors: 0,0B->7168,0K Heap: 51,0M(1024,0M)->8889,0K(1024,0M)]
 [Times: user=0,20 sys=0,08, real=0,14 secs] 
2019-05-22T12:13:08.121+0100: 3,688: [GC pause (Metadata GC Threshold) (young) (initial-mark), 0,0772111 secs]
   [Parallel Time: 64,9 ms, GC Workers: 4]
      [GC Worker Start (ms): Min: 3688,1, Avg: 3688,4, Max: 3689,1, Diff: 1,0]
      [Ext Root Scanning (ms): Min: 0,9, Avg: 15,3, Max: 33,1, Diff: 32,2, Sum: 61,3]
      [Update RS (ms): Min: 0,0, Avg: 1,2, Max: 4,9, Diff: 4,9, Sum: 4,9]
         [Processed Buffers: Min: 0, Avg: 0,5, Max: 1, Diff: 1, Sum: 2]
      [Scan RS (ms): Min: 0,0, Avg: 0,0, Max: 0,0, Diff: 0,0, Sum: 0,0]
      [Code Root Scanning (ms): Min: 0,0, Avg: 0,2, Max: 0,7, Diff: 0,7, Sum: 0,7]
      [Object Copy (ms): Min: 31,5, Avg: 46,2, Max: 61,1, Diff: 29,6, Sum: 185,0]
      [Termination (ms): Min: 0,0, Avg: 1,4, Max: 1,9, Diff: 1,9, Sum: 5,5]
         [Termination Attempts: Min: 1, Avg: 1,2, Max: 2, Diff: 1, Sum: 5]
      [GC Worker Other (ms): Min: 0,0, Avg: 0,0, Max: 0,0, Diff: 0,0, Sum: 0,0]
      [GC Worker Total (ms): Min: 63,7, Avg: 64,4, Max: 64,7, Diff: 0,9, Sum: 257,5]
      [GC Worker End (ms): Min: 3752,7, Avg: 3752,8, Max: 3752,9, Diff: 0,2]
   [Code Root Fixup: 0,0 ms]
   [Code Root Purge: 0,0 ms]
   [Clear CT: 8,5 ms]
   [Other: 3,8 ms]
      [Choose CSet: 0,0 ms]
      [Ref Proc: 3,1 ms]
      [Ref Enq: 0,0 ms]
      [Redirty Cards: 0,4 ms]
      [Humongous Register: 0,0 ms]
      [Humongous Reclaim: 0,0 ms]
      [Free CSet: 0,0 ms]
   [Eden: 19,0M(44,0M)->0,0B(46,0M) Survivors: 7168,0K->5120,0K Heap: 27,7M(1024,0M)->10,4M(1024,0M)]
 [Times: user=0,17 sys=0,07, real=0,07 secs] 
2019-05-22T12:13:08.199+0100: 3,765: [GC concurrent-root-region-scan-start]
2019-05-22T12:13:08.201+0100: 3,768: [GC concurrent-root-region-scan-end, 0,0024341 secs]
2019-05-22T12:13:08.201+0100: 3,768: [GC concurrent-mark-start]
2019-05-22T12:13:08.217+0100: 3,784: [GC concurrent-mark-end, 0,0159050 secs]
2019-05-22T12:13:08.222+0100: 3,788: [GC remark 2019-05-22T12:13:08.222+0100: 3,788: [Finalize Marking, 0,0080276 secs] 2019-05-22T12:13:08.230+0100: 3,797: [GC ref-proc, 0,0032077 secs] 2019-05-22T12:13:08.233+0100: 3,800: [Unloading, 0,0059062 secs], 0,0177394 secs]
 [Times: user=0,02 sys=0,00, real=0,01 secs] 
2019-05-22T12:13:08.240+0100: 3,807: [GC cleanup 11M->10M(1024M), 0,0021551 secs]
 [Times: user=0,00 sys=0,00, real=0,01 secs] 
2019-05-22T12:13:08.243+0100: 3,809: [GC concurrent-cleanup-start]
2019-05-22T12:13:08.243+0100: 3,809: [GC concurrent-cleanup-end, 0,0000246 secs]
2019-05-22T12:13:11.512+0100: 7,078: [GC pause (G1 Evacuation Pause) (young), 0,0925271 secs]
   [Parallel Time: 54,7 ms, GC Workers: 4]
      [GC Worker Start (ms): Min: 7078,5, Avg: 7081,3, Max: 7084,1, Diff: 5,5]
      [Ext Root Scanning (ms): Min: 0,0, Avg: 0,6, Max: 1,3, Diff: 1,3, Sum: 2,5]
      [Update RS (ms): Min: 0,0, Avg: 0,5, Max: 1,0, Diff: 1,0, Sum: 1,9]
         [Processed Buffers: Min: 0, Avg: 3,8, Max: 11, Diff: 11, Sum: 15]
      [Scan RS (ms): Min: 0,0, Avg: 0,1, Max: 0,3, Diff: 0,3, Sum: 0,4]
      [Code Root Scanning (ms): Min: 0,0, Avg: 0,1, Max: 0,2, Diff: 0,2, Sum: 0,3]
      [Object Copy (ms): Min: 20,4, Avg: 29,5, Max: 33,6, Diff: 13,1, Sum: 118,0]
      [Termination (ms): Min: 0,0, Avg: 13,8, Max: 18,4, Diff: 18,4, Sum: 55,1]
         [Termination Attempts: Min: 1, Avg: 1,2, Max: 2, Diff: 1, Sum: 5]
      [GC Worker Other (ms): Min: 0,0, Avg: 7,1, Max: 28,4, Diff: 28,4, Sum: 28,4]
      [GC Worker Total (ms): Min: 48,8, Avg: 51,6, Max: 54,5, Diff: 5,7, Sum: 206,6]
      [GC Worker End (ms): Min: 7132,9, Avg: 7133,0, Max: 7133,0, Diff: 0,2]
   [Code Root Fixup: 0,0 ms]
   [Code Root Purge: 0,0 ms]
   [Clear CT: 0,7 ms]
   [Other: 37,1 ms]
      [Choose CSet: 0,0 ms]
      [Ref Proc: 36,4 ms]
      [Ref Enq: 0,0 ms]
      [Redirty Cards: 0,4 ms]
      [Humongous Register: 0,0 ms]
      [Humongous Reclaim: 0,0 ms]
      [Free CSet: 0,1 ms]
   [Eden: 46,0M(46,0M)->0,0B(44,0M) Survivors: 5120,0K->7168,0K Heap: 183,4M(1024,0M)->142,0M(1024,0M)]
 [Times: user=0,15 sys=0,01, real=0,09 secs] 
2019-05-22T12:13:18.523+0100: 14,090: [GC pause (G1 Evacuation Pause) (young), 0,3474751 secs]
   [Parallel Time: 338,9 ms, GC Workers: 4]
      [GC Worker Start (ms): Min: 14089,7, Avg: 14100,8, Max: 14132,4, Diff: 42,6]
      [Ext Root Scanning (ms): Min: 0,0, Avg: 1,2, Max: 2,5, Diff: 2,5, Sum: 4,9]
      [Update RS (ms): Min: 0,0, Avg: 21,3, Max: 83,8, Diff: 83,8, Sum: 85,2]
         [Processed Buffers: Min: 0, Avg: 5,5, Max: 14, Diff: 14, Sum: 22]
      [Scan RS (ms): Min: 0,0, Avg: 0,0, Max: 0,0, Diff: 0,0, Sum: 0,0]
      [Code Root Scanning (ms): Min: 0,0, Avg: 67,5, Max: 142,2, Diff: 142,2, Sum: 269,9]
      [Object Copy (ms): Min: 72,5, Avg: 136,6, Max: 210,1, Diff: 137,6, Sum: 546,4]
      [Termination (ms): Min: 0,0, Avg: 60,8, Max: 87,6, Diff: 87,6, Sum: 243,0]
         [Termination Attempts: Min: 1, Avg: 1,5, Max: 2, Diff: 1, Sum: 6]
      [GC Worker Other (ms): Min: 0,0, Avg: 0,0, Max: 0,0, Diff: 0,0, Sum: 0,0]
      [GC Worker Total (ms): Min: 253,4, Avg: 287,4, Max: 305,7, Diff: 52,3, Sum: 1149,5]
      [GC Worker End (ms): Min: 14385,8, Avg: 14388,2, Max: 14395,4, Diff: 9,7]
   [Code Root Fixup: 0,1 ms]
   [Code Root Purge: 0,0 ms]
   [Clear CT: 0,5 ms]
   [Other: 8,0 ms]
      [Choose CSet: 0,0 ms]
      [Ref Proc: 7,4 ms]
      [Ref Enq: 0,0 ms]
      [Redirty Cards: 0,2 ms]
      [Humongous Register: 0,1 ms]
      [Humongous Reclaim: 0,0 ms]
      [Free CSet: 0,1 ms]
   [Eden: 44,0M(44,0M)->0,0B(45,0M) Survivors: 7168,0K->6144,0K Heap: 186,0M(1024,0M)->146,5M(1024,0M)]
 [Times: user=0,48 sys=0,12, real=0,35 secs] 
2019-05-22T12:13:21.917+0100: 17,483: [GC pause (Metadata GC Threshold) (young) (initial-mark), 0,0390839 secs]
   [Parallel Time: 12,1 ms, GC Workers: 4]
      [GC Worker Start (ms): Min: 17483,6, Avg: 17484,2, Max: 17485,2, Diff: 1,6]
      [Ext Root Scanning (ms): Min: 0,6, Avg: 5,0, Max: 10,1, Diff: 9,5, Sum: 19,8]
      [Update RS (ms): Min: 0,0, Avg: 0,8, Max: 1,7, Diff: 1,7, Sum: 3,4]
         [Processed Buffers: Min: 0, Avg: 9,5, Max: 23, Diff: 23, Sum: 38]
      [Scan RS (ms): Min: 0,0, Avg: 0,4, Max: 0,8, Diff: 0,8, Sum: 1,5]
      [Code Root Scanning (ms): Min: 0,0, Avg: 0,1, Max: 0,4, Diff: 0,4, Sum: 0,5]
      [Object Copy (ms): Min: 0,3, Avg: 2,6, Max: 4,4, Diff: 4,1, Sum: 10,5]
      [Termination (ms): Min: 0,0, Avg: 1,6, Max: 2,3, Diff: 2,3, Sum: 6,4]
         [Termination Attempts: Min: 1, Avg: 1,0, Max: 1, Diff: 0, Sum: 4]
      [GC Worker Other (ms): Min: 0,0, Avg: 0,0, Max: 0,0, Diff: 0,0, Sum: 0,0]
      [GC Worker Total (ms): Min: 9,5, Avg: 10,5, Max: 11,4, Diff: 1,9, Sum: 42,2]
      [GC Worker End (ms): Min: 17494,5, Avg: 17494,7, Max: 17495,0, Diff: 0,5]
   [Code Root Fixup: 0,0 ms]
   [Code Root Purge: 0,0 ms]
   [Clear CT: 0,5 ms]
   [Other: 26,4 ms]
      [Choose CSet: 0,0 ms]
      [Ref Proc: 21,8 ms]
      [Ref Enq: 0,0 ms]
      [Redirty Cards: 4,3 ms]
      [Humongous Register: 0,1 ms]
      [Humongous Reclaim: 0,0 ms]
      [Free CSet: 0,0 ms]
   [Eden: 17,0M(45,0M)->0,0B(46,0M) Survivors: 6144,0K->5120,0K Heap: 163,4M(1024,0M)->145,0M(1024,0M)]
 [Times: user=0,05 sys=0,00, real=0,04 secs] 
2019-05-22T12:13:21.956+0100: 17,523: [GC concurrent-root-region-scan-start]
2019-05-22T12:13:21.966+0100: 17,533: [GC concurrent-root-region-scan-end, 0,0100308 secs]
2019-05-22T12:13:21.966+0100: 17,533: [GC concurrent-mark-start]
2019-05-22T12:13:22.037+0100: 17,604: [GC concurrent-mark-end, 0,0708539 secs]
2019-05-22T12:13:22.046+0100: 17,613: [GC remark 2019-05-22T12:13:22.046+0100: 17,613: [Finalize Marking, 0,0071017 secs] 2019-05-22T12:13:22.053+0100: 17,620: [GC ref-proc, 0,0007000 secs] 2019-05-22T12:13:22.054+0100: 17,621: [Unloading, 0,0077708 secs], 0,0171521 secs]
 [Times: user=0,03 sys=0,00, real=0,02 secs] 
2019-05-22T12:13:22.064+0100: 17,630: [GC cleanup 146M->144M(1024M), 0,0015233 secs]
 [Times: user=0,00 sys=0,00, real=0,00 secs] 
2019-05-22T12:13:22.066+0100: 17,632: [GC concurrent-cleanup-start]
2019-05-22T12:13:22.066+0100: 17,632: [GC concurrent-cleanup-end, 0,0000333 secs]
2019-05-22T12:20:26.115+0100: 441,682: [GC pause (G1 Evacuation Pause) (young), 0,0193036 secs]
   [Parallel Time: 11,4 ms, GC Workers: 4]
      [GC Worker Start (ms): Min: 441682,0, Avg: 441684,5, Max: 441686,9, Diff: 4,9]
      [Ext Root Scanning (ms): Min: 0,0, Avg: 0,6, Max: 1,6, Diff: 1,6, Sum: 2,6]
      [Update RS (ms): Min: 0,0, Avg: 0,9, Max: 1,9, Diff: 1,9, Sum: 3,7]
         [Processed Buffers: Min: 0, Avg: 9,5, Max: 23, Diff: 23, Sum: 38]
      [Scan RS (ms): Min: 0,0, Avg: 0,1, Max: 0,4, Diff: 0,4, Sum: 0,6]
      [Code Root Scanning (ms): Min: 0,0, Avg: 0,6, Max: 1,3, Diff: 1,3, Sum: 2,5]
      [Object Copy (ms): Min: 6,3, Avg: 6,6, Max: 7,1, Diff: 0,9, Sum: 26,3]
      [Termination (ms): Min: 0,0, Avg: 0,0, Max: 0,0, Diff: 0,0, Sum: 0,0]
         [Termination Attempts: Min: 1, Avg: 1,0, Max: 1, Diff: 0, Sum: 4]
      [GC Worker Other (ms): Min: 0,0, Avg: 0,0, Max: 0,0, Diff: 0,0, Sum: 0,0]
      [GC Worker Total (ms): Min: 6,5, Avg: 8,9, Max: 11,4, Diff: 4,9, Sum: 35,7]
      [GC Worker End (ms): Min: 441693,4, Avg: 441693,4, Max: 441693,4, Diff: 0,0]
   [Code Root Fixup: 0,1 ms]
   [Code Root Purge: 0,0 ms]
   [Clear CT: 0,7 ms]
   [Other: 7,1 ms]
      [Choose CSet: 0,0 ms]
      [Ref Proc: 5,9 ms]
      [Ref Enq: 0,1 ms]
      [Redirty Cards: 0,5 ms]
      [Humongous Register: 0,1 ms]
      [Humongous Reclaim: 0,1 ms]
      [Free CSet: 0,2 ms]
   [Eden: 46,0M(46,0M)->0,0B(44,0M) Survivors: 5120,0K->7168,0K Heap: 189,0M(1024,0M)->145,0M(1024,0M)]
 [Times: user=0,03 sys=0,00, real=0,02 secs] 
2019-05-22T12:29:01.214+0100: 956,781: [GC pause (G1 Evacuation Pause) (young), 0,0135038 secs]
   [Parallel Time: 10,5 ms, GC Workers: 4]
      [GC Worker Start (ms): Min: 956780,9, Avg: 956781,4, Max: 956781,6, Diff: 0,7]
      [Ext Root Scanning (ms): Min: 0,3, Avg: 2,9, Max: 10,2, Diff: 9,9, Sum: 11,5]
      [Update RS (ms): Min: 0,0, Avg: 0,7, Max: 1,0, Diff: 1,0, Sum: 2,7]
         [Processed Buffers: Min: 0, Avg: 7,5, Max: 12, Diff: 12, Sum: 30]
      [Scan RS (ms): Min: 0,0, Avg: 0,1, Max: 0,3, Diff: 0,2, Sum: 0,4]
      [Code Root Scanning (ms): Min: 0,0, Avg: 0,5, Max: 1,9, Diff: 1,9, Sum: 1,9]
      [Object Copy (ms): Min: 0,0, Avg: 4,7, Max: 7,1, Diff: 7,1, Sum: 18,9]
      [Termination (ms): Min: 0,0, Avg: 1,0, Max: 1,6, Diff: 1,6, Sum: 3,9]
         [Termination Attempts: Min: 1, Avg: 7,5, Max: 24, Diff: 23, Sum: 30]
      [GC Worker Other (ms): Min: 0,0, Avg: 0,0, Max: 0,0, Diff: 0,0, Sum: 0,0]
      [GC Worker Total (ms): Min: 9,6, Avg: 9,8, Max: 10,3, Diff: 0,7, Sum: 39,3]
      [GC Worker End (ms): Min: 956791,2, Avg: 956791,2, Max: 956791,3, Diff: 0,0]
   [Code Root Fixup: 0,1 ms]
   [Code Root Purge: 0,0 ms]
   [Clear CT: 0,7 ms]
   [Other: 2,2 ms]
      [Choose CSet: 0,0 ms]
      [Ref Proc: 1,4 ms]
      [Ref Enq: 0,0 ms]
      [Redirty Cards: 0,5 ms]
      [Humongous Register: 0,0 ms]
      [Humongous Reclaim: 0,1 ms]
      [Free CSet: 0,1 ms]
   [Eden: 44,0M(44,0M)->0,0B(46,0M) Survivors: 7168,0K->5120,0K Heap: 189,0M(1024,0M)->145,4M(1024,0M)]
 [Times: user=0,04 sys=0,00, real=0,01 secs] 
2019-05-22T12:39:09.555+0100: 1565,121: [GC pause (G1 Evacuation Pause) (young), 0,0133809 secs]
   [Parallel Time: 10,7 ms, GC Workers: 4]
      [GC Worker Start (ms): Min: 1565121,5, Avg: 1565123,3, Max: 1565125,1, Diff: 3,6]
      [Ext Root Scanning (ms): Min: 0,0, Avg: 0,5, Max: 1,1, Diff: 1,1, Sum: 1,9]
      [Update RS (ms): Min: 0,0, Avg: 0,8, Max: 1,6, Diff: 1,6, Sum: 3,2]
         [Processed Buffers: Min: 0, Avg: 13,0, Max: 30, Diff: 30, Sum: 52]
      [Scan RS (ms): Min: 0,1, Avg: 0,4, Max: 0,7, Diff: 0,7, Sum: 1,6]
      [Code Root Scanning (ms): Min: 0,0, Avg: 2,0, Max: 6,9, Diff: 6,9, Sum: 7,9]
      [Object Copy (ms): Min: 0,1, Avg: 4,1, Max: 5,7, Diff: 5,6, Sum: 16,5]
      [Termination (ms): Min: 0,0, Avg: 0,9, Max: 1,2, Diff: 1,2, Sum: 3,4]
         [Termination Attempts: Min: 1, Avg: 1,0, Max: 1, Diff: 0, Sum: 4]
      [GC Worker Other (ms): Min: 0,0, Avg: 0,0, Max: 0,0, Diff: 0,0, Sum: 0,0]
      [GC Worker Total (ms): Min: 6,8, Avg: 8,6, Max: 10,5, Diff: 3,6, Sum: 34,6]
      [GC Worker End (ms): Min: 1565131,9, Avg: 1565132,0, Max: 1565132,0, Diff: 0,2]
   [Code Root Fixup: 0,0 ms]
   [Code Root Purge: 0,0 ms]
   [Clear CT: 0,6 ms]
   [Other: 2,1 ms]
      [Choose CSet: 0,0 ms]
      [Ref Proc: 1,2 ms]
      [Ref Enq: 0,0 ms]
      [Redirty Cards: 0,6 ms]
      [Humongous Register: 0,0 ms]
      [Humongous Reclaim: 0,0 ms]
      [Free CSet: 0,1 ms]
   [Eden: 46,0M(46,0M)->0,0B(45,0M) Survivors: 5120,0K->6144,0K Heap: 191,4M(1024,0M)->146,4M(1024,0M)]
 [Times: user=0,03 sys=0,00, real=0,01 secs] 
2019-05-22T12:49:38.765+0100: 2194,331: [GC pause (G1 Evacuation Pause) (young), 0,0134939 secs]
   [Parallel Time: 10,4 ms, GC Workers: 4]
      [GC Worker Start (ms): Min: 2194331,2, Avg: 2194331,8, Max: 2194333,5, Diff: 2,3]
      [Ext Root Scanning (ms): Min: 0,0, Avg: 0,6, Max: 1,2, Diff: 1,2, Sum: 2,3]
      [Update RS (ms): Min: 0,0, Avg: 0,9, Max: 1,4, Diff: 1,4, Sum: 3,8]
         [Processed Buffers: Min: 0, Avg: 7,8, Max: 13, Diff: 13, Sum: 31]
      [Scan RS (ms): Min: 0,0, Avg: 0,0, Max: 0,0, Diff: 0,0, Sum: 0,0]
      [Code Root Scanning (ms): Min: 0,0, Avg: 1,9, Max: 7,4, Diff: 7,4, Sum: 7,6]
      [Object Copy (ms): Min: 0,2, Avg: 4,7, Max: 7,9, Diff: 7,7, Sum: 18,9]
      [Termination (ms): Min: 0,0, Avg: 1,3, Max: 2,4, Diff: 2,4, Sum: 5,2]
         [Termination Attempts: Min: 1, Avg: 1,0, Max: 1, Diff: 0, Sum: 4]
      [GC Worker Other (ms): Min: 0,0, Avg: 0,0, Max: 0,0, Diff: 0,0, Sum: 0,0]
      [GC Worker Total (ms): Min: 7,7, Avg: 9,4, Max: 10,2, Diff: 2,5, Sum: 37,8]
      [GC Worker End (ms): Min: 2194341,2, Avg: 2194341,3, Max: 2194341,4, Diff: 0,2]
   [Code Root Fixup: 0,0 ms]
   [Code Root Purge: 0,0 ms]
   [Clear CT: 0,4 ms]
   [Other: 2,7 ms]
      [Choose CSet: 0,0 ms]
      [Ref Proc: 1,8 ms]
      [Ref Enq: 0,0 ms]
      [Redirty Cards: 0,6 ms]
      [Humongous Register: 0,0 ms]
      [Humongous Reclaim: 0,0 ms]
      [Free CSet: 0,0 ms]
   [Eden: 45,0M(45,0M)->0,0B(47,0M) Survivors: 6144,0K->4096,0K Heap: 191,4M(1024,0M)->146,2M(1024,0M)]
 [Times: user=0,03 sys=0,00, real=0,01 secs] 
2019-05-22T13:01:00.214+0100: 2875,781: [GC pause (G1 Evacuation Pause) (young), 0,0126503 secs]
   [Parallel Time: 6,8 ms, GC Workers: 4]
      [GC Worker Start (ms): Min: 2875780,8, Avg: 2875782,4, Max: 2875787,3, Diff: 6,5]
      [Ext Root Scanning (ms): Min: 0,0, Avg: 0,5, Max: 0,8, Diff: 0,8, Sum: 1,9]
      [Update RS (ms): Min: 0,0, Avg: 1,1, Max: 1,6, Diff: 1,6, Sum: 4,4]
         [Processed Buffers: Min: 0, Avg: 12,2, Max: 30, Diff: 30, Sum: 49]
      [Scan RS (ms): Min: 0,0, Avg: 0,2, Max: 0,3, Diff: 0,3, Sum: 0,7]
      [Code Root Scanning (ms): Min: 0,0, Avg: 0,0, Max: 0,1, Diff: 0,1, Sum: 0,2]
      [Object Copy (ms): Min: 0,0, Avg: 2,5, Max: 3,4, Diff: 3,4, Sum: 10,2]
      [Termination (ms): Min: 0,0, Avg: 0,5, Max: 0,7, Diff: 0,7, Sum: 2,0]
         [Termination Attempts: Min: 1, Avg: 1,2, Max: 2, Diff: 1, Sum: 5]
      [GC Worker Other (ms): Min: 0,0, Avg: 0,0, Max: 0,0, Diff: 0,0, Sum: 0,1]
      [GC Worker Total (ms): Min: 0,0, Avg: 4,9, Max: 6,5, Diff: 6,5, Sum: 19,5]
      [GC Worker End (ms): Min: 2875787,3, Avg: 2875787,3, Max: 2875787,3, Diff: 0,0]
   [Code Root Fixup: 0,0 ms]
   [Code Root Purge: 0,0 ms]
   [Clear CT: 0,5 ms]
   [Other: 5,4 ms]
      [Choose CSet: 0,0 ms]
      [Ref Proc: 4,4 ms]
      [Ref Enq: 0,0 ms]
      [Redirty Cards: 0,7 ms]
      [Humongous Register: 0,0 ms]
      [Humongous Reclaim: 0,0 ms]
      [Free CSet: 0,0 ms]
   [Eden: 47,0M(47,0M)->0,0B(46,0M) Survivors: 4096,0K->5120,0K Heap: 193,2M(1024,0M)->147,1M(1024,0M)]
 [Times: user=0,03 sys=0,00, real=0,01 secs] 
2019-05-22T13:12:11.206+0100: 3546,773: [GC pause (G1 Evacuation Pause) (young), 0,0078874 secs]
   [Parallel Time: 5,5 ms, GC Workers: 4]
      [GC Worker Start (ms): Min: 3546773,0, Avg: 3546773,1, Max: 3546773,3, Diff: 0,3]
      [Ext Root Scanning (ms): Min: 0,3, Avg: 1,7, Max: 5,3, Diff: 4,9, Sum: 6,9]
      [Update RS (ms): Min: 0,0, Avg: 0,6, Max: 1,0, Diff: 1,0, Sum: 2,5]
         [Processed Buffers: Min: 0, Avg: 10,5, Max: 27, Diff: 27, Sum: 42]
      [Scan RS (ms): Min: 0,0, Avg: 0,0, Max: 0,0, Diff: 0,0, Sum: 0,0]
      [Code Root Scanning (ms): Min: 0,0, Avg: 0,1, Max: 0,2, Diff: 0,2, Sum: 0,3]
      [Object Copy (ms): Min: 0,0, Avg: 2,3, Max: 3,2, Diff: 3,2, Sum: 9,4]
      [Termination (ms): Min: 0,0, Avg: 0,5, Max: 0,7, Diff: 0,7, Sum: 2,1]
         [Termination Attempts: Min: 1, Avg: 1,0, Max: 1, Diff: 0, Sum: 4]
      [GC Worker Other (ms): Min: 0,0, Avg: 0,0, Max: 0,0, Diff: 0,0, Sum: 0,0]
      [GC Worker Total (ms): Min: 5,1, Avg: 5,3, Max: 5,4, Diff: 0,2, Sum: 21,1]
      [GC Worker End (ms): Min: 3546778,4, Avg: 3546778,4, Max: 3546778,4, Diff: 0,0]
   [Code Root Fixup: 0,0 ms]
   [Code Root Purge: 0,0 ms]
   [Clear CT: 0,3 ms]
   [Other: 2,0 ms]
      [Choose CSet: 0,0 ms]
      [Ref Proc: 1,4 ms]
      [Ref Enq: 0,0 ms]
      [Redirty Cards: 0,3 ms]
      [Humongous Register: 0,0 ms]
      [Humongous Reclaim: 0,0 ms]
      [Free CSet: 0,0 ms]
   [Eden: 46,0M(46,0M)->0,0B(47,0M) Survivors: 5120,0K->4096,0K Heap: 193,1M(1024,0M)->146,2M(1024,0M)]
 [Times: user=0,01 sys=0,01, real=0,01 secs] 
2019-05-22T13:21:52.753+0100: 4128,319: [GC pause (G1 Evacuation Pause) (young), 0,0089323 secs]
   [Parallel Time: 6,5 ms, GC Workers: 4]
      [GC Worker Start (ms): Min: 4128319,5, Avg: 4128321,0, Max: 4128325,5, Diff: 6,0]
      [Ext Root Scanning (ms): Min: 0,0, Avg: 0,4, Max: 0,7, Diff: 0,7, Sum: 1,7]
      [Update RS (ms): Min: 0,0, Avg: 0,7, Max: 0,9, Diff: 0,9, Sum: 2,7]
         [Processed Buffers: Min: 0, Avg: 11,0, Max: 22, Diff: 22, Sum: 44]
      [Scan RS (ms): Min: 0,0, Avg: 0,0, Max: 0,0, Diff: 0,0, Sum: 0,0]
      [Code Root Scanning (ms): Min: 0,0, Avg: 0,1, Max: 0,2, Diff: 0,2, Sum: 0,4]
      [Object Copy (ms): Min: 0,5, Avg: 3,7, Max: 4,8, Diff: 4,4, Sum: 14,8]
      [Termination (ms): Min: 0,0, Avg: 0,0, Max: 0,0, Diff: 0,0, Sum: 0,0]
         [Termination Attempts: Min: 1, Avg: 2,0, Max: 4, Diff: 3, Sum: 8]
      [GC Worker Other (ms): Min: 0,0, Avg: 0,0, Max: 0,0, Diff: 0,0, Sum: 0,0]
      [GC Worker Total (ms): Min: 0,5, Avg: 4,9, Max: 6,5, Diff: 6,0, Sum: 19,7]
      [GC Worker End (ms): Min: 4128325,9, Avg: 4128325,9, Max: 4128325,9, Diff: 0,0]
   [Code Root Fixup: 0,0 ms]
   [Code Root Purge: 0,0 ms]
   [Clear CT: 0,5 ms]
   [Other: 1,9 ms]
      [Choose CSet: 0,0 ms]
      [Ref Proc: 0,7 ms]
      [Ref Enq: 0,0 ms]
      [Redirty Cards: 0,8 ms]
      [Humongous Register: 0,0 ms]
      [Humongous Reclaim: 0,0 ms]
      [Free CSet: 0,1 ms]
   [Eden: 47,0M(47,0M)->0,0B(45,0M) Survivors: 4096,0K->6144,0K Heap: 193,2M(1024,0M)->148,2M(1024,0M)]
 [Times: user=0,02 sys=0,00, real=0,01 secs] 
2019-05-22T13:32:50.093+0100: 4785,660: [GC pause (G1 Evacuation Pause) (young), 0,0131517 secs]
   [Parallel Time: 5,3 ms, GC Workers: 4]
      [GC Worker Start (ms): Min: 4785659,9, Avg: 4785660,2, Max: 4785661,0, Diff: 1,1]
      [Ext Root Scanning (ms): Min: 0,0, Avg: 0,4, Max: 0,8, Diff: 0,7, Sum: 1,7]
      [Update RS (ms): Min: 0,5, Avg: 0,6, Max: 0,7, Diff: 0,2, Sum: 2,5]
         [Processed Buffers: Min: 1, Avg: 11,0, Max: 18, Diff: 17, Sum: 44]
      [Scan RS (ms): Min: 0,0, Avg: 0,0, Max: 0,0, Diff: 0,0, Sum: 0,0]
      [Code Root Scanning (ms): Min: 0,0, Avg: 0,1, Max: 0,2, Diff: 0,2, Sum: 0,4]
      [Object Copy (ms): Min: 3,6, Avg: 3,7, Max: 3,9, Diff: 0,3, Sum: 14,9]
      [Termination (ms): Min: 0,0, Avg: 0,0, Max: 0,0, Diff: 0,0, Sum: 0,0]
         [Termination Attempts: Min: 1, Avg: 1,0, Max: 1, Diff: 0, Sum: 4]
      [GC Worker Other (ms): Min: 0,0, Avg: 0,0, Max: 0,0, Diff: 0,0, Sum: 0,0]
      [GC Worker Total (ms): Min: 4,1, Avg: 4,9, Max: 5,3, Diff: 1,1, Sum: 19,6]
      [GC Worker End (ms): Min: 4785665,1, Avg: 4785665,1, Max: 4785665,1, Diff: 0,0]
   [Code Root Fixup: 0,0 ms]
   [Code Root Purge: 0,0 ms]
   [Clear CT: 0,3 ms]
   [Other: 7,5 ms]
      [Choose CSet: 0,0 ms]
      [Ref Proc: 6,8 ms]
      [Ref Enq: 0,0 ms]
      [Redirty Cards: 0,4 ms]
      [Humongous Register: 0,0 ms]
      [Humongous Reclaim: 0,0 ms]
      [Free CSet: 0,0 ms]
   [Eden: 45,0M(45,0M)->0,0B(46,0M) Survivors: 6144,0K->5120,0K Heap: 193,2M(1024,0M)->147,5M(1024,0M)]
 [Times: user=0,03 sys=0,00, real=0,01 secs] 
2019-05-22T13:43:32.287+0100: 5427,854: [GC pause (G1 Evacuation Pause) (young), 0,0074779 secs]
   [Parallel Time: 4,9 ms, GC Workers: 4]
      [GC Worker Start (ms): Min: 5427853,7, Avg: 5427853,8, Max: 5427853,9, Diff: 0,2]
      [Ext Root Scanning (ms): Min: 0,3, Avg: 0,4, Max: 0,6, Diff: 0,3, Sum: 1,8]
      [Update RS (ms): Min: 0,7, Avg: 0,8, Max: 1,0, Diff: 0,3, Sum: 3,3]
         [Processed Buffers: Min: 2, Avg: 10,8, Max: 20, Diff: 18, Sum: 43]
      [Scan RS (ms): Min: 0,0, Avg: 0,0, Max: 0,0, Diff: 0,0, Sum: 0,0]
      [Code Root Scanning (ms): Min: 0,0, Avg: 0,1, Max: 0,1, Diff: 0,1, Sum: 0,2]
      [Object Copy (ms): Min: 3,3, Avg: 3,4, Max: 3,5, Diff: 0,2, Sum: 13,6]
      [Termination (ms): Min: 0,0, Avg: 0,0, Max: 0,0, Diff: 0,0, Sum: 0,0]
         [Termination Attempts: Min: 1, Avg: 2,0, Max: 3, Diff: 2, Sum: 8]
      [GC Worker Other (ms): Min: 0,0, Avg: 0,0, Max: 0,0, Diff: 0,0, Sum: 0,0]
      [GC Worker Total (ms): Min: 4,7, Avg: 4,8, Max: 4,8, Diff: 0,2, Sum: 19,0]
      [GC Worker End (ms): Min: 5427858,6, Avg: 5427858,6, Max: 5427858,6, Diff: 0,0]
   [Code Root Fixup: 0,0 ms]
   [Code Root Purge: 0,0 ms]
   [Clear CT: 0,5 ms]
   [Other: 2,0 ms]
      [Choose CSet: 0,0 ms]
      [Ref Proc: 0,9 ms]
      [Ref Enq: 0,0 ms]
      [Redirty Cards: 0,8 ms]
      [Humongous Register: 0,0 ms]
      [Humongous Reclaim: 0,0 ms]
      [Free CSet: 0,0 ms]
   [Eden: 46,0M(46,0M)->0,0B(46,0M) Survivors: 5120,0K->5120,0K Heap: 193,5M(1024,0M)->147,8M(1024,0M)]
 [Times: user=0,02 sys=0,00, real=0,01 secs] 
2019-05-22T13:54:31.110+0100: 6086,676: [GC pause (G1 Evacuation Pause) (young), 0,0073531 secs]
   [Parallel Time: 4,9 ms, GC Workers: 4]
      [GC Worker Start (ms): Min: 6086676,3, Avg: 6086676,4, Max: 6086676,5, Diff: 0,2]
      [Ext Root Scanning (ms): Min: 0,3, Avg: 0,5, Max: 0,7, Diff: 0,4, Sum: 2,0]
      [Update RS (ms): Min: 0,6, Avg: 0,8, Max: 0,9, Diff: 0,3, Sum: 3,0]
         [Processed Buffers: Min: 2, Avg: 10,8, Max: 29, Diff: 27, Sum: 43]
      [Scan RS (ms): Min: 0,0, Avg: 0,0, Max: 0,0, Diff: 0,0, Sum: 0,0]
      [Code Root Scanning (ms): Min: 0,0, Avg: 0,1, Max: 0,2, Diff: 0,2, Sum: 0,3]
      [Object Copy (ms): Min: 3,3, Avg: 3,4, Max: 3,5, Diff: 0,2, Sum: 13,5]
      [Termination (ms): Min: 0,0, Avg: 0,0, Max: 0,0, Diff: 0,0, Sum: 0,0]
         [Termination Attempts: Min: 1, Avg: 2,0, Max: 4, Diff: 3, Sum: 8]
      [GC Worker Other (ms): Min: 0,0, Avg: 0,0, Max: 0,0, Diff: 0,0, Sum: 0,1]
      [GC Worker Total (ms): Min: 4,6, Avg: 4,7, Max: 4,8, Diff: 0,2, Sum: 18,9]
      [GC Worker End (ms): Min: 6086681,1, Avg: 6086681,1, Max: 6086681,1, Diff: 0,0]
   [Code Root Fixup: 0,0 ms]
   [Code Root Purge: 0,0 ms]
   [Clear CT: 0,5 ms]
   [Other: 1,9 ms]
      [Choose CSet: 0,0 ms]
      [Ref Proc: 0,9 ms]
      [Ref Enq: 0,0 ms]
      [Redirty Cards: 0,7 ms]
      [Humongous Register: 0,0 ms]
      [Humongous Reclaim: 0,1 ms]
      [Free CSet: 0,0 ms]
   [Eden: 46,0M(46,0M)->0,0B(55,0M) Survivors: 5120,0K->5120,0K Heap: 193,8M(1024,0M)->147,8M(1024,0M)]
 [Times: user=0,02 sys=0,00, real=0,00 secs] 
Heap
 garbage-first heap   total 1048576K, used 171829K [0x00000000c0000000, 0x00000000c0102000, 0x0000000100000000)
  region size 1024K, 26 young (26624K), 5 survivors (5120K)
 Metaspace       used 36922K, capacity 41338K, committed 41468K, reserved 1085440K
  class space    used 4923K, capacity 5361K, committed 5372K, reserved 1048576K
