[2019-05-18T09:50:44.592+0100][gc,heap] Heap region size: 1M
[2019-05-18T09:50:44.601+0100][gc     ] Using G1
[2019-05-18T09:50:44.601+0100][gc,heap,coops] Heap address: 0x00000000c0000000, size: 1024 MB, Compressed Oops mode: 32-bit
[2019-05-18T09:50:44.601+0100][gc,cds       ] Mark closed archive regions in map: [0x00000000fff00000, 0x00000000fff69ff8]
[2019-05-18T09:50:44.601+0100][gc,cds       ] Mark open archive regions in map: [0x00000000ffe00000, 0x00000000ffe34ff8]
[2019-05-18T09:50:45.508+0100][gc,start     ] GC(0) Pause Young (Normal) (G1 Evacuation Pause)
[2019-05-18T09:50:45.508+0100][gc,task      ] GC(0) Using 8 workers of 8 for evacuation
[2019-05-18T09:50:45.517+0100][gc,phases    ] GC(0)   Pre Evacuate Collection Set: 0,0ms
[2019-05-18T09:50:45.517+0100][gc,phases    ] GC(0)   Evacuate Collection Set: 8,2ms
[2019-05-18T09:50:45.517+0100][gc,phases    ] GC(0)   Post Evacuate Collection Set: 0,4ms
[2019-05-18T09:50:45.517+0100][gc,phases    ] GC(0)   Other: 0,7ms
[2019-05-18T09:50:45.517+0100][gc,heap      ] GC(0) Eden regions: 51->0(44)
[2019-05-18T09:50:45.517+0100][gc,heap      ] GC(0) Survivor regions: 0->7(7)
[2019-05-18T09:50:45.517+0100][gc,heap      ] GC(0) Old regions: 2->2
[2019-05-18T09:50:45.517+0100][gc,heap      ] GC(0) Humongous regions: 0->0
[2019-05-18T09:50:45.517+0100][gc,metaspace ] GC(0) Metaspace: 16948K->16948K(1064960K)
[2019-05-18T09:50:45.517+0100][gc           ] GC(0) Pause Young (Normal) (G1 Evacuation Pause) 51M->6M(1024M) 9,447ms
[2019-05-18T09:50:45.517+0100][gc,cpu       ] GC(0) User=0,06s Sys=0,00s Real=0,01s
[2019-05-18T09:50:45.704+0100][gc,start     ] GC(1) Pause Young (Concurrent Start) (Metadata GC Threshold)
[2019-05-18T09:50:45.704+0100][gc,task      ] GC(1) Using 8 workers of 8 for evacuation
[2019-05-18T09:50:45.712+0100][gc,phases    ] GC(1)   Pre Evacuate Collection Set: 0,0ms
[2019-05-18T09:50:45.712+0100][gc,phases    ] GC(1)   Evacuate Collection Set: 7,6ms
[2019-05-18T09:50:45.712+0100][gc,phases    ] GC(1)   Post Evacuate Collection Set: 0,3ms
[2019-05-18T09:50:45.712+0100][gc,phases    ] GC(1)   Other: 0,2ms
[2019-05-18T09:50:45.712+0100][gc,heap      ] GC(1) Eden regions: 14->0(50)
[2019-05-18T09:50:45.712+0100][gc,heap      ] GC(1) Survivor regions: 7->1(7)
[2019-05-18T09:50:45.712+0100][gc,heap      ] GC(1) Old regions: 2->8
[2019-05-18T09:50:45.712+0100][gc,heap      ] GC(1) Humongous regions: 0->0
[2019-05-18T09:50:45.712+0100][gc,metaspace ] GC(1) Metaspace: 20509K->20509K(1067008K)
[2019-05-18T09:50:45.712+0100][gc           ] GC(1) Pause Young (Concurrent Start) (Metadata GC Threshold) 20M->7M(1024M) 8,310ms
[2019-05-18T09:50:45.712+0100][gc,cpu       ] GC(1) User=0,03s Sys=0,00s Real=0,01s
[2019-05-18T09:50:45.712+0100][gc           ] GC(2) Concurrent Cycle
[2019-05-18T09:50:45.712+0100][gc,marking   ] GC(2) Concurrent Clear Claimed Marks
[2019-05-18T09:50:45.712+0100][gc,marking   ] GC(2) Concurrent Clear Claimed Marks 0,036ms
[2019-05-18T09:50:45.712+0100][gc,marking   ] GC(2) Concurrent Scan Root Regions
[2019-05-18T09:50:45.713+0100][gc,marking   ] GC(2) Concurrent Scan Root Regions 0,955ms
[2019-05-18T09:50:45.713+0100][gc,marking   ] GC(2) Concurrent Mark (1,124s)
[2019-05-18T09:50:45.713+0100][gc,marking   ] GC(2) Concurrent Mark From Roots
[2019-05-18T09:50:45.713+0100][gc,task      ] GC(2) Using 2 workers of 2 for marking
[2019-05-18T09:50:45.719+0100][gc,marking   ] GC(2) Concurrent Mark From Roots 5,634ms
[2019-05-18T09:50:45.719+0100][gc,marking   ] GC(2) Concurrent Preclean
[2019-05-18T09:50:45.719+0100][gc,marking   ] GC(2) Concurrent Preclean 0,115ms
[2019-05-18T09:50:45.719+0100][gc,marking   ] GC(2) Concurrent Mark (1,124s, 1,130s) 5,792ms
[2019-05-18T09:50:45.719+0100][gc,start     ] GC(2) Pause Remark
[2019-05-18T09:50:45.724+0100][gc,stringtable] GC(2) Cleaned string and symbol table, strings: 4866 processed, 0 removed, symbols: 49649 processed, 50 removed
[2019-05-18T09:50:45.724+0100][gc            ] GC(2) Pause Remark 7M->7M(1024M) 4,895ms
[2019-05-18T09:50:45.724+0100][gc,cpu        ] GC(2) User=0,02s Sys=0,00s Real=0,01s
[2019-05-18T09:50:45.724+0100][gc,marking    ] GC(2) Concurrent Rebuild Remembered Sets
[2019-05-18T09:50:45.727+0100][gc,marking    ] GC(2) Concurrent Rebuild Remembered Sets 3,489ms
[2019-05-18T09:50:45.727+0100][gc,start      ] GC(2) Pause Cleanup
[2019-05-18T09:50:45.728+0100][gc            ] GC(2) Pause Cleanup 7M->7M(1024M) 0,182ms
[2019-05-18T09:50:45.728+0100][gc,cpu        ] GC(2) User=0,00s Sys=0,00s Real=0,00s
[2019-05-18T09:50:45.728+0100][gc,marking    ] GC(2) Concurrent Cleanup for Next Mark
[2019-05-18T09:50:45.731+0100][gc,marking    ] GC(2) Concurrent Cleanup for Next Mark 3,480ms
[2019-05-18T09:50:45.731+0100][gc            ] GC(2) Concurrent Cycle 19,255ms
[2019-05-18T09:50:46.542+0100][gc,start      ] GC(3) Pause Young (Normal) (G1 Evacuation Pause)
[2019-05-18T09:50:46.542+0100][gc,task       ] GC(3) Using 8 workers of 8 for evacuation
[2019-05-18T09:50:46.548+0100][gc,phases     ] GC(3)   Pre Evacuate Collection Set: 0,0ms
[2019-05-18T09:50:46.548+0100][gc,phases     ] GC(3)   Evacuate Collection Set: 4,7ms
[2019-05-18T09:50:46.548+0100][gc,phases     ] GC(3)   Post Evacuate Collection Set: 0,4ms
[2019-05-18T09:50:46.548+0100][gc,phases     ] GC(3)   Other: 0,2ms
[2019-05-18T09:50:46.548+0100][gc,heap       ] GC(3) Eden regions: 50->0(46)
[2019-05-18T09:50:46.548+0100][gc,heap       ] GC(3) Survivor regions: 1->5(7)
[2019-05-18T09:50:46.548+0100][gc,heap       ] GC(3) Old regions: 8->8
[2019-05-18T09:50:46.548+0100][gc,heap       ] GC(3) Humongous regions: 129->129
[2019-05-18T09:50:46.548+0100][gc,metaspace  ] GC(3) Metaspace: 29192K->29192K(1075200K)
[2019-05-18T09:50:46.548+0100][gc            ] GC(3) Pause Young (Normal) (G1 Evacuation Pause) 186M->140M(1024M) 5,441ms
[2019-05-18T09:50:46.548+0100][gc,cpu        ] GC(3) User=0,03s Sys=0,00s Real=0,00s
[2019-05-18T09:58:01.803+0100][gc,start      ] GC(4) Pause Young (Normal) (G1 Evacuation Pause)
[2019-05-18T09:58:01.803+0100][gc,task       ] GC(4) Using 8 workers of 8 for evacuation
[2019-05-18T09:58:01.807+0100][gc,phases     ] GC(4)   Pre Evacuate Collection Set: 0,0ms
[2019-05-18T09:58:01.807+0100][gc,phases     ] GC(4)   Evacuate Collection Set: 3,3ms
[2019-05-18T09:58:01.807+0100][gc,phases     ] GC(4)   Post Evacuate Collection Set: 0,5ms
[2019-05-18T09:58:01.808+0100][gc,phases     ] GC(4)   Other: 0,2ms
[2019-05-18T09:58:01.808+0100][gc,heap       ] GC(4) Eden regions: 46->0(49)
[2019-05-18T09:58:01.808+0100][gc,heap       ] GC(4) Survivor regions: 5->2(7)
[2019-05-18T09:58:01.808+0100][gc,heap       ] GC(4) Old regions: 8->13
[2019-05-18T09:58:01.808+0100][gc,heap       ] GC(4) Humongous regions: 135->129
[2019-05-18T09:58:01.808+0100][gc,metaspace  ] GC(4) Metaspace: 33302K->33302K(1079296K)
[2019-05-18T09:58:01.808+0100][gc            ] GC(4) Pause Young (Normal) (G1 Evacuation Pause) 192M->141M(1024M) 4,162ms
[2019-05-18T09:58:01.808+0100][gc,cpu        ] GC(4) User=0,03s Sys=0,01s Real=0,00s
[2019-05-18T09:59:27.530+0100][gc,start      ] GC(5) Pause Young (Concurrent Start) (Metadata GC Threshold)
[2019-05-18T09:59:27.530+0100][gc,task       ] GC(5) Using 8 workers of 8 for evacuation
[2019-05-18T09:59:27.535+0100][gc,phases     ] GC(5)   Pre Evacuate Collection Set: 0,2ms
[2019-05-18T09:59:27.535+0100][gc,phases     ] GC(5)   Evacuate Collection Set: 4,3ms
[2019-05-18T09:59:27.535+0100][gc,phases     ] GC(5)   Post Evacuate Collection Set: 0,5ms
[2019-05-18T09:59:27.535+0100][gc,phases     ] GC(5)   Other: 0,4ms
[2019-05-18T09:59:27.535+0100][gc,heap       ] GC(5) Eden regions: 9->0(49)
[2019-05-18T09:59:27.535+0100][gc,heap       ] GC(5) Survivor regions: 2->2(7)
[2019-05-18T09:59:27.535+0100][gc,heap       ] GC(5) Old regions: 13->13
[2019-05-18T09:59:27.535+0100][gc,heap       ] GC(5) Humongous regions: 129->129
[2019-05-18T09:59:27.535+0100][gc,metaspace  ] GC(5) Metaspace: 33756K->33756K(1079296K)
[2019-05-18T09:59:27.535+0100][gc            ] GC(5) Pause Young (Concurrent Start) (Metadata GC Threshold) 150M->141M(1024M) 5,401ms
[2019-05-18T09:59:27.535+0100][gc,cpu        ] GC(5) User=0,03s Sys=0,00s Real=0,01s
[2019-05-18T09:59:27.535+0100][gc            ] GC(6) Concurrent Cycle
[2019-05-18T09:59:27.535+0100][gc,marking    ] GC(6) Concurrent Clear Claimed Marks
[2019-05-18T09:59:27.535+0100][gc,marking    ] GC(6) Concurrent Clear Claimed Marks 0,144ms
[2019-05-18T09:59:27.535+0100][gc,marking    ] GC(6) Concurrent Scan Root Regions
[2019-05-18T09:59:27.537+0100][gc,marking    ] GC(6) Concurrent Scan Root Regions 1,227ms
[2019-05-18T09:59:27.537+0100][gc,marking    ] GC(6) Concurrent Mark (522,948s)
[2019-05-18T09:59:27.537+0100][gc,marking    ] GC(6) Concurrent Mark From Roots
[2019-05-18T09:59:27.537+0100][gc,task       ] GC(6) Using 2 workers of 2 for marking
[2019-05-18T09:59:27.546+0100][gc,marking    ] GC(6) Concurrent Mark From Roots 9,445ms
[2019-05-18T09:59:27.546+0100][gc,marking    ] GC(6) Concurrent Preclean
[2019-05-18T09:59:27.546+0100][gc,marking    ] GC(6) Concurrent Preclean 0,112ms
[2019-05-18T09:59:27.546+0100][gc,marking    ] GC(6) Concurrent Mark (522,948s, 522,957s) 9,610ms
[2019-05-18T09:59:27.546+0100][gc,start      ] GC(6) Pause Remark
[2019-05-18T09:59:27.549+0100][gc,stringtable] GC(6) Cleaned string and symbol table, strings: 8646 processed, 14 removed, symbols: 71329 processed, 10 removed
[2019-05-18T09:59:27.549+0100][gc            ] GC(6) Pause Remark 142M->142M(1024M) 2,440ms
[2019-05-18T09:59:27.549+0100][gc,cpu        ] GC(6) User=0,02s Sys=0,00s Real=0,00s
[2019-05-18T09:59:27.549+0100][gc,marking    ] GC(6) Concurrent Rebuild Remembered Sets
[2019-05-18T09:59:27.554+0100][gc,marking    ] GC(6) Concurrent Rebuild Remembered Sets 4,920ms
[2019-05-18T09:59:27.554+0100][gc,start      ] GC(6) Pause Cleanup
[2019-05-18T09:59:27.554+0100][gc            ] GC(6) Pause Cleanup 142M->142M(1024M) 0,140ms
[2019-05-18T09:59:27.554+0100][gc,cpu        ] GC(6) User=0,00s Sys=0,00s Real=0,00s
[2019-05-18T09:59:27.554+0100][gc,marking    ] GC(6) Concurrent Cleanup for Next Mark
[2019-05-18T09:59:27.557+0100][gc,marking    ] GC(6) Concurrent Cleanup for Next Mark 2,988ms
[2019-05-18T09:59:27.557+0100][gc            ] GC(6) Concurrent Cycle 21,969ms
[2019-05-18T10:09:06.799+0100][gc,heap,exit  ] Heap
[2019-05-18T10:09:06.799+0100][gc,heap,exit  ]  garbage-first heap   total 1048576K, used 189209K [0x00000000c0000000, 0x0000000100000000)
[2019-05-18T10:09:06.799+0100][gc,heap,exit  ]   region size 1024K, 46 young (47104K), 2 survivors (2048K)
[2019-05-18T10:09:06.799+0100][gc,heap,exit  ]  Metaspace       used 35255K, capacity 37648K, committed 37884K, reserved 1081344K
[2019-05-18T10:09:06.799+0100][gc,heap,exit  ]   class space    used 5200K, capacity 6385K, committed 6476K, reserved 1048576K
