[2019-05-28T16:34:33.281+0100][gc,heap] Heap region size: 1M
[2019-05-28T16:34:33.290+0100][gc     ] Using G1
[2019-05-28T16:34:33.290+0100][gc,heap,coops] Heap address: 0x00000000c0000000, size: 1024 MB, Compressed Oops mode: 32-bit
[2019-05-28T16:34:33.290+0100][gc,cds       ] Mark closed archive regions in map: [0x00000000fff00000, 0x00000000fff69ff8]
[2019-05-28T16:34:33.290+0100][gc,cds       ] Mark open archive regions in map: [0x00000000ffe00000, 0x00000000ffe34ff8]
[2019-05-28T16:34:34.020+0100][gc,heap,exit ] Heap
[2019-05-28T16:34:34.020+0100][gc,heap,exit ]  garbage-first heap   total 1048576K, used 26236K [0x00000000c0000000, 0x0000000100000000)
[2019-05-28T16:34:34.020+0100][gc,heap,exit ]   region size 1024K, 26 young (26624K), 0 survivors (0K)
[2019-05-28T16:34:34.020+0100][gc,heap,exit ]  Metaspace       used 9771K, capacity 10129K, committed 10368K, reserved 1058816K
[2019-05-28T16:34:34.020+0100][gc,heap,exit ]   class space    used 1255K, capacity 1403K, committed 1408K, reserved 1048576K
