[2019-05-18T09:41:35.931+0100][gc,heap] Heap region size: 1M
[2019-05-18T09:41:35.939+0100][gc     ] Using G1
[2019-05-18T09:41:35.939+0100][gc,heap,coops] Heap address: 0x00000000c0000000, size: 1024 MB, Compressed Oops mode: 32-bit
[2019-05-18T09:41:35.939+0100][gc,cds       ] Mark closed archive regions in map: [0x00000000fff00000, 0x00000000fff69ff8]
[2019-05-18T09:41:35.939+0100][gc,cds       ] Mark open archive regions in map: [0x00000000ffe00000, 0x00000000ffe34ff8]
[2019-05-18T09:41:36.841+0100][gc,start     ] GC(0) Pause Young (Normal) (G1 Evacuation Pause)
[2019-05-18T09:41:36.842+0100][gc,task      ] GC(0) Using 8 workers of 8 for evacuation
[2019-05-18T09:41:36.851+0100][gc,phases    ] GC(0)   Pre Evacuate Collection Set: 0,0ms
[2019-05-18T09:41:36.851+0100][gc,phases    ] GC(0)   Evacuate Collection Set: 8,1ms
[2019-05-18T09:41:36.851+0100][gc,phases    ] GC(0)   Post Evacuate Collection Set: 0,4ms
[2019-05-18T09:41:36.851+0100][gc,phases    ] GC(0)   Other: 0,8ms
[2019-05-18T09:41:36.851+0100][gc,heap      ] GC(0) Eden regions: 51->0(44)
[2019-05-18T09:41:36.851+0100][gc,heap      ] GC(0) Survivor regions: 0->7(7)
[2019-05-18T09:41:36.851+0100][gc,heap      ] GC(0) Old regions: 2->2
[2019-05-18T09:41:36.851+0100][gc,heap      ] GC(0) Humongous regions: 0->0
[2019-05-18T09:41:36.851+0100][gc,metaspace ] GC(0) Metaspace: 16940K->16940K(1064960K)
[2019-05-18T09:41:36.851+0100][gc           ] GC(0) Pause Young (Normal) (G1 Evacuation Pause) 51M->6M(1024M) 9,411ms
[2019-05-18T09:41:36.851+0100][gc,cpu       ] GC(0) User=0,05s Sys=0,00s Real=0,00s
[2019-05-18T09:41:37.039+0100][gc,start     ] GC(1) Pause Young (Concurrent Start) (Metadata GC Threshold)
[2019-05-18T09:41:37.039+0100][gc,task      ] GC(1) Using 8 workers of 8 for evacuation
[2019-05-18T09:41:37.048+0100][gc,phases    ] GC(1)   Pre Evacuate Collection Set: 0,1ms
[2019-05-18T09:41:37.048+0100][gc,phases    ] GC(1)   Evacuate Collection Set: 8,1ms
[2019-05-18T09:41:37.048+0100][gc,phases    ] GC(1)   Post Evacuate Collection Set: 0,5ms
[2019-05-18T09:41:37.048+0100][gc,phases    ] GC(1)   Other: 0,2ms
[2019-05-18T09:41:37.048+0100][gc,heap      ] GC(1) Eden regions: 14->0(50)
[2019-05-18T09:41:37.048+0100][gc,heap      ] GC(1) Survivor regions: 7->1(7)
[2019-05-18T09:41:37.048+0100][gc,heap      ] GC(1) Old regions: 2->8
[2019-05-18T09:41:37.048+0100][gc,heap      ] GC(1) Humongous regions: 0->0
[2019-05-18T09:41:37.048+0100][gc,metaspace ] GC(1) Metaspace: 20431K->20431K(1067008K)
[2019-05-18T09:41:37.048+0100][gc           ] GC(1) Pause Young (Concurrent Start) (Metadata GC Threshold) 19M->7M(1024M) 9,061ms
[2019-05-18T09:41:37.048+0100][gc,cpu       ] GC(1) User=0,05s Sys=0,00s Real=0,00s
[2019-05-18T09:41:37.048+0100][gc           ] GC(2) Concurrent Cycle
[2019-05-18T09:41:37.048+0100][gc,marking   ] GC(2) Concurrent Clear Claimed Marks
[2019-05-18T09:41:37.049+0100][gc,marking   ] GC(2) Concurrent Clear Claimed Marks 0,038ms
[2019-05-18T09:41:37.049+0100][gc,marking   ] GC(2) Concurrent Scan Root Regions
[2019-05-18T09:41:37.050+0100][gc,marking   ] GC(2) Concurrent Scan Root Regions 1,021ms
[2019-05-18T09:41:37.050+0100][gc,marking   ] GC(2) Concurrent Mark (1,121s)
[2019-05-18T09:41:37.050+0100][gc,marking   ] GC(2) Concurrent Mark From Roots
[2019-05-18T09:41:37.050+0100][gc,task      ] GC(2) Using 2 workers of 2 for marking
[2019-05-18T09:41:37.056+0100][gc,marking   ] GC(2) Concurrent Mark From Roots 6,098ms
[2019-05-18T09:41:37.056+0100][gc,marking   ] GC(2) Concurrent Preclean
[2019-05-18T09:41:37.056+0100][gc,marking   ] GC(2) Concurrent Preclean 0,149ms
[2019-05-18T09:41:37.056+0100][gc,marking   ] GC(2) Concurrent Mark (1,121s, 1,127s) 6,295ms
[2019-05-18T09:41:37.056+0100][gc,start     ] GC(2) Pause Remark
[2019-05-18T09:41:37.059+0100][gc,stringtable] GC(2) Cleaned string and symbol table, strings: 4863 processed, 0 removed, symbols: 49640 processed, 50 removed
[2019-05-18T09:41:37.060+0100][gc            ] GC(2) Pause Remark 8M->8M(1024M) 3,587ms
[2019-05-18T09:41:37.060+0100][gc,cpu        ] GC(2) User=0,02s Sys=0,00s Real=0,01s
[2019-05-18T09:41:37.060+0100][gc,marking    ] GC(2) Concurrent Rebuild Remembered Sets
[2019-05-18T09:41:37.062+0100][gc,marking    ] GC(2) Concurrent Rebuild Remembered Sets 2,879ms
[2019-05-18T09:41:37.063+0100][gc,start      ] GC(2) Pause Cleanup
[2019-05-18T09:41:37.063+0100][gc            ] GC(2) Pause Cleanup 8M->8M(1024M) 0,177ms
[2019-05-18T09:41:37.063+0100][gc,cpu        ] GC(2) User=0,00s Sys=0,00s Real=0,00s
[2019-05-18T09:41:37.063+0100][gc,marking    ] GC(2) Concurrent Cleanup for Next Mark
[2019-05-18T09:41:37.066+0100][gc,marking    ] GC(2) Concurrent Cleanup for Next Mark 3,686ms
[2019-05-18T09:41:37.067+0100][gc            ] GC(2) Concurrent Cycle 18,070ms
[2019-05-18T09:41:37.844+0100][gc,start      ] GC(3) Pause Young (Normal) (G1 Evacuation Pause)
[2019-05-18T09:41:37.844+0100][gc,task       ] GC(3) Using 8 workers of 8 for evacuation
[2019-05-18T09:41:37.851+0100][gc,phases     ] GC(3)   Pre Evacuate Collection Set: 0,0ms
[2019-05-18T09:41:37.851+0100][gc,phases     ] GC(3)   Evacuate Collection Set: 5,9ms
[2019-05-18T09:41:37.851+0100][gc,phases     ] GC(3)   Post Evacuate Collection Set: 0,5ms
[2019-05-18T09:41:37.851+0100][gc,phases     ] GC(3)   Other: 0,3ms
[2019-05-18T09:41:37.851+0100][gc,heap       ] GC(3) Eden regions: 50->0(46)
[2019-05-18T09:41:37.851+0100][gc,heap       ] GC(3) Survivor regions: 1->5(7)
[2019-05-18T09:41:37.851+0100][gc,heap       ] GC(3) Old regions: 8->8
[2019-05-18T09:41:37.851+0100][gc,heap       ] GC(3) Humongous regions: 129->129
[2019-05-18T09:41:37.851+0100][gc,metaspace  ] GC(3) Metaspace: 28988K->28988K(1075200K)
[2019-05-18T09:41:37.851+0100][gc            ] GC(3) Pause Young (Normal) (G1 Evacuation Pause) 186M->140M(1024M) 6,770ms
[2019-05-18T09:41:37.851+0100][gc,cpu        ] GC(3) User=0,03s Sys=0,00s Real=0,00s
[2019-05-18T09:41:48.978+0100][gc,heap,exit  ] Heap
[2019-05-18T09:41:48.978+0100][gc,heap,exit  ]  garbage-first heap   total 1048576K, used 181681K [0x00000000c0000000, 0x0000000100000000)
[2019-05-18T09:41:48.978+0100][gc,heap,exit  ]   region size 1024K, 38 young (38912K), 5 survivors (5120K)
[2019-05-18T09:41:48.978+0100][gc,heap,exit  ]  Metaspace       used 32272K, capacity 34215K, committed 34352K, reserved 1077248K
[2019-05-18T09:41:48.978+0100][gc,heap,exit  ]   class space    used 4740K, capacity 5670K, committed 5760K, reserved 1048576K
