[2019-05-18T10:10:01.863+0100][gc,heap] Heap region size: 1M
[2019-05-18T10:10:01.871+0100][gc     ] Using G1
[2019-05-18T10:10:01.871+0100][gc,heap,coops] Heap address: 0x00000000c0000000, size: 1024 MB, Compressed Oops mode: 32-bit
[2019-05-18T10:10:01.871+0100][gc,cds       ] Mark closed archive regions in map: [0x00000000fff00000, 0x00000000fff69ff8]
[2019-05-18T10:10:01.871+0100][gc,cds       ] Mark open archive regions in map: [0x00000000ffe00000, 0x00000000ffe34ff8]
[2019-05-18T10:10:02.798+0100][gc,start     ] GC(0) Pause Young (Normal) (G1 Evacuation Pause)
[2019-05-18T10:10:02.799+0100][gc,task      ] GC(0) Using 8 workers of 8 for evacuation
[2019-05-18T10:10:02.808+0100][gc,phases    ] GC(0)   Pre Evacuate Collection Set: 0,0ms
[2019-05-18T10:10:02.808+0100][gc,phases    ] GC(0)   Evacuate Collection Set: 8,1ms
[2019-05-18T10:10:02.808+0100][gc,phases    ] GC(0)   Post Evacuate Collection Set: 0,5ms
[2019-05-18T10:10:02.808+0100][gc,phases    ] GC(0)   Other: 0,8ms
[2019-05-18T10:10:02.808+0100][gc,heap      ] GC(0) Eden regions: 51->0(44)
[2019-05-18T10:10:02.808+0100][gc,heap      ] GC(0) Survivor regions: 0->7(7)
[2019-05-18T10:10:02.808+0100][gc,heap      ] GC(0) Old regions: 2->2
[2019-05-18T10:10:02.808+0100][gc,heap      ] GC(0) Humongous regions: 0->0
[2019-05-18T10:10:02.808+0100][gc,metaspace ] GC(0) Metaspace: 16943K->16943K(1064960K)
[2019-05-18T10:10:02.808+0100][gc           ] GC(0) Pause Young (Normal) (G1 Evacuation Pause) 51M->6M(1024M) 9,519ms
[2019-05-18T10:10:02.808+0100][gc,cpu       ] GC(0) User=0,06s Sys=0,00s Real=0,01s
[2019-05-18T10:10:03.008+0100][gc,start     ] GC(1) Pause Young (Concurrent Start) (Metadata GC Threshold)
[2019-05-18T10:10:03.008+0100][gc,task      ] GC(1) Using 8 workers of 8 for evacuation
[2019-05-18T10:10:03.016+0100][gc,phases    ] GC(1)   Pre Evacuate Collection Set: 0,1ms
[2019-05-18T10:10:03.016+0100][gc,phases    ] GC(1)   Evacuate Collection Set: 7,3ms
[2019-05-18T10:10:03.016+0100][gc,phases    ] GC(1)   Post Evacuate Collection Set: 0,5ms
[2019-05-18T10:10:03.016+0100][gc,phases    ] GC(1)   Other: 0,3ms
[2019-05-18T10:10:03.016+0100][gc,heap      ] GC(1) Eden regions: 14->0(50)
[2019-05-18T10:10:03.016+0100][gc,heap      ] GC(1) Survivor regions: 7->1(7)
[2019-05-18T10:10:03.016+0100][gc,heap      ] GC(1) Old regions: 2->8
[2019-05-18T10:10:03.016+0100][gc,heap      ] GC(1) Humongous regions: 0->0
[2019-05-18T10:10:03.016+0100][gc,metaspace ] GC(1) Metaspace: 20509K->20509K(1067008K)
[2019-05-18T10:10:03.016+0100][gc           ] GC(1) Pause Young (Concurrent Start) (Metadata GC Threshold) 20M->7M(1024M) 8,189ms
[2019-05-18T10:10:03.016+0100][gc,cpu       ] GC(1) User=0,04s Sys=0,00s Real=0,01s
[2019-05-18T10:10:03.016+0100][gc           ] GC(2) Concurrent Cycle
[2019-05-18T10:10:03.016+0100][gc,marking   ] GC(2) Concurrent Clear Claimed Marks
[2019-05-18T10:10:03.016+0100][gc,marking   ] GC(2) Concurrent Clear Claimed Marks 0,017ms
[2019-05-18T10:10:03.016+0100][gc,marking   ] GC(2) Concurrent Scan Root Regions
[2019-05-18T10:10:03.017+0100][gc,marking   ] GC(2) Concurrent Scan Root Regions 0,685ms
[2019-05-18T10:10:03.017+0100][gc,marking   ] GC(2) Concurrent Mark (1,156s)
[2019-05-18T10:10:03.017+0100][gc,marking   ] GC(2) Concurrent Mark From Roots
[2019-05-18T10:10:03.017+0100][gc,task      ] GC(2) Using 2 workers of 2 for marking
[2019-05-18T10:10:03.021+0100][gc,marking   ] GC(2) Concurrent Mark From Roots 4,317ms
[2019-05-18T10:10:03.021+0100][gc,marking   ] GC(2) Concurrent Preclean
[2019-05-18T10:10:03.021+0100][gc,marking   ] GC(2) Concurrent Preclean 0,127ms
[2019-05-18T10:10:03.021+0100][gc,marking   ] GC(2) Concurrent Mark (1,156s, 1,161s) 4,490ms
[2019-05-18T10:10:03.021+0100][gc,start     ] GC(2) Pause Remark
[2019-05-18T10:10:03.023+0100][gc,stringtable] GC(2) Cleaned string and symbol table, strings: 4862 processed, 0 removed, symbols: 49640 processed, 50 removed
[2019-05-18T10:10:03.023+0100][gc            ] GC(2) Pause Remark 7M->7M(1024M) 1,649ms
[2019-05-18T10:10:03.023+0100][gc,cpu        ] GC(2) User=0,01s Sys=0,00s Real=0,00s
[2019-05-18T10:10:03.023+0100][gc,marking    ] GC(2) Concurrent Rebuild Remembered Sets
[2019-05-18T10:10:03.026+0100][gc,marking    ] GC(2) Concurrent Rebuild Remembered Sets 2,739ms
[2019-05-18T10:10:03.026+0100][gc,start      ] GC(2) Pause Cleanup
[2019-05-18T10:10:03.026+0100][gc            ] GC(2) Pause Cleanup 7M->7M(1024M) 0,184ms
[2019-05-18T10:10:03.026+0100][gc,cpu        ] GC(2) User=0,00s Sys=0,00s Real=0,00s
[2019-05-18T10:10:03.026+0100][gc,marking    ] GC(2) Concurrent Cleanup for Next Mark
[2019-05-18T10:10:03.029+0100][gc,marking    ] GC(2) Concurrent Cleanup for Next Mark 3,458ms
[2019-05-18T10:10:03.029+0100][gc            ] GC(2) Concurrent Cycle 13,656ms
[2019-05-18T10:10:03.788+0100][gc,start      ] GC(3) Pause Young (Normal) (G1 Evacuation Pause)
[2019-05-18T10:10:03.788+0100][gc,task       ] GC(3) Using 8 workers of 8 for evacuation
[2019-05-18T10:10:03.792+0100][gc,phases     ] GC(3)   Pre Evacuate Collection Set: 0,0ms
[2019-05-18T10:10:03.792+0100][gc,phases     ] GC(3)   Evacuate Collection Set: 4,1ms
[2019-05-18T10:10:03.792+0100][gc,phases     ] GC(3)   Post Evacuate Collection Set: 0,4ms
[2019-05-18T10:10:03.792+0100][gc,phases     ] GC(3)   Other: 0,1ms
[2019-05-18T10:10:03.792+0100][gc,heap       ] GC(3) Eden regions: 50->0(46)
[2019-05-18T10:10:03.792+0100][gc,heap       ] GC(3) Survivor regions: 1->5(7)
[2019-05-18T10:10:03.792+0100][gc,heap       ] GC(3) Old regions: 8->8
[2019-05-18T10:10:03.792+0100][gc,heap       ] GC(3) Humongous regions: 129->129
[2019-05-18T10:10:03.792+0100][gc,metaspace  ] GC(3) Metaspace: 29087K->29087K(1075200K)
[2019-05-18T10:10:03.792+0100][gc            ] GC(3) Pause Young (Normal) (G1 Evacuation Pause) 186M->140M(1024M) 4,739ms
[2019-05-18T10:10:03.792+0100][gc,cpu        ] GC(3) User=0,03s Sys=0,00s Real=0,01s
[2019-05-18T10:16:32.158+0100][gc,start      ] GC(4) Pause Young (Normal) (G1 Evacuation Pause)
[2019-05-18T10:16:32.158+0100][gc,task       ] GC(4) Using 8 workers of 8 for evacuation
[2019-05-18T10:16:32.165+0100][gc,phases     ] GC(4)   Pre Evacuate Collection Set: 0,0ms
[2019-05-18T10:16:32.165+0100][gc,phases     ] GC(4)   Evacuate Collection Set: 5,5ms
[2019-05-18T10:16:32.165+0100][gc,phases     ] GC(4)   Post Evacuate Collection Set: 0,7ms
[2019-05-18T10:16:32.165+0100][gc,phases     ] GC(4)   Other: 0,2ms
[2019-05-18T10:16:32.165+0100][gc,heap       ] GC(4) Eden regions: 46->0(49)
[2019-05-18T10:16:32.165+0100][gc,heap       ] GC(4) Survivor regions: 5->2(7)
[2019-05-18T10:16:32.165+0100][gc,heap       ] GC(4) Old regions: 8->13
[2019-05-18T10:16:32.165+0100][gc,heap       ] GC(4) Humongous regions: 135->129
[2019-05-18T10:16:32.165+0100][gc,metaspace  ] GC(4) Metaspace: 33516K->33516K(1079296K)
[2019-05-18T10:16:32.165+0100][gc            ] GC(4) Pause Young (Normal) (G1 Evacuation Pause) 192M->141M(1024M) 6,431ms
[2019-05-18T10:16:32.165+0100][gc,cpu        ] GC(4) User=0,04s Sys=0,00s Real=0,01s
[2019-05-18T10:30:19.128+0100][gc,start      ] GC(5) Pause Young (Concurrent Start) (Metadata GC Threshold)
[2019-05-18T10:30:19.128+0100][gc,task       ] GC(5) Using 8 workers of 8 for evacuation
[2019-05-18T10:30:19.131+0100][gc,phases     ] GC(5)   Pre Evacuate Collection Set: 0,2ms
[2019-05-18T10:30:19.131+0100][gc,phases     ] GC(5)   Evacuate Collection Set: 1,7ms
[2019-05-18T10:30:19.131+0100][gc,phases     ] GC(5)   Post Evacuate Collection Set: 0,5ms
[2019-05-18T10:30:19.131+0100][gc,phases     ] GC(5)   Other: 0,2ms
[2019-05-18T10:30:19.131+0100][gc,heap       ] GC(5) Eden regions: 33->0(49)
[2019-05-18T10:30:19.131+0100][gc,heap       ] GC(5) Survivor regions: 2->2(7)
[2019-05-18T10:30:19.131+0100][gc,heap       ] GC(5) Old regions: 13->13
[2019-05-18T10:30:19.131+0100][gc,heap       ] GC(5) Humongous regions: 129->129
[2019-05-18T10:30:19.131+0100][gc,metaspace  ] GC(5) Metaspace: 33699K->33699K(1079296K)
[2019-05-18T10:30:19.131+0100][gc            ] GC(5) Pause Young (Concurrent Start) (Metadata GC Threshold) 173M->141M(1024M) 2,650ms
[2019-05-18T10:30:19.131+0100][gc,cpu        ] GC(5) User=0,01s Sys=0,01s Real=0,00s
[2019-05-18T10:30:19.131+0100][gc            ] GC(6) Concurrent Cycle
[2019-05-18T10:30:19.131+0100][gc,marking    ] GC(6) Concurrent Clear Claimed Marks
[2019-05-18T10:30:19.131+0100][gc,marking    ] GC(6) Concurrent Clear Claimed Marks 0,095ms
[2019-05-18T10:30:19.131+0100][gc,marking    ] GC(6) Concurrent Scan Root Regions
[2019-05-18T10:30:19.133+0100][gc,marking    ] GC(6) Concurrent Scan Root Regions 1,436ms
[2019-05-18T10:30:19.133+0100][gc,marking    ] GC(6) Concurrent Mark (1217,273s)
[2019-05-18T10:30:19.133+0100][gc,marking    ] GC(6) Concurrent Mark From Roots
[2019-05-18T10:30:19.133+0100][gc,task       ] GC(6) Using 2 workers of 2 for marking
[2019-05-18T10:30:19.142+0100][gc,marking    ] GC(6) Concurrent Mark From Roots 8,958ms
[2019-05-18T10:30:19.142+0100][gc,marking    ] GC(6) Concurrent Preclean
[2019-05-18T10:30:19.142+0100][gc,marking    ] GC(6) Concurrent Preclean 0,222ms
[2019-05-18T10:30:19.142+0100][gc,marking    ] GC(6) Concurrent Mark (1217,273s, 1217,282s) 9,231ms
[2019-05-18T10:30:19.142+0100][gc,start      ] GC(6) Pause Remark
[2019-05-18T10:30:19.146+0100][gc,stringtable] GC(6) Cleaned string and symbol table, strings: 8959 processed, 282 removed, symbols: 71304 processed, 10 removed
[2019-05-18T10:30:19.146+0100][gc            ] GC(6) Pause Remark 141M->141M(1024M) 4,350ms
[2019-05-18T10:30:19.147+0100][gc,cpu        ] GC(6) User=0,03s Sys=0,00s Real=0,00s
[2019-05-18T10:30:19.147+0100][gc,marking    ] GC(6) Concurrent Rebuild Remembered Sets
[2019-05-18T10:30:19.151+0100][gc,marking    ] GC(6) Concurrent Rebuild Remembered Sets 4,134ms
[2019-05-18T10:30:19.151+0100][gc,start      ] GC(6) Pause Cleanup
[2019-05-18T10:30:19.151+0100][gc            ] GC(6) Pause Cleanup 142M->142M(1024M) 0,136ms
[2019-05-18T10:30:19.151+0100][gc,cpu        ] GC(6) User=0,00s Sys=0,00s Real=0,00s
[2019-05-18T10:30:19.151+0100][gc,marking    ] GC(6) Concurrent Cleanup for Next Mark
[2019-05-18T10:30:19.154+0100][gc,marking    ] GC(6) Concurrent Cleanup for Next Mark 3,082ms
[2019-05-18T10:30:19.154+0100][gc            ] GC(6) Concurrent Cycle 22,991ms
[2019-05-18T10:45:16.223+0100][gc,heap,exit  ] Heap
[2019-05-18T10:45:16.223+0100][gc,heap,exit  ]  garbage-first heap   total 1048576K, used 184061K [0x00000000c0000000, 0x0000000100000000)
[2019-05-18T10:45:16.223+0100][gc,heap,exit  ]   region size 1024K, 42 young (43008K), 2 survivors (2048K)
[2019-05-18T10:45:16.223+0100][gc,heap,exit  ]  Metaspace       used 34338K, capacity 36562K, committed 36688K, reserved 1079296K
[2019-05-18T10:45:16.223+0100][gc,heap,exit  ]   class space    used 5126K, capacity 6251K, committed 6304K, reserved 1048576K
