[2019-05-18T09:30:37.689+0100][gc,heap] Heap region size: 1M
[2019-05-18T09:30:37.697+0100][gc     ] Using G1
[2019-05-18T09:30:37.697+0100][gc,heap,coops] Heap address: 0x00000000c0000000, size: 1024 MB, Compressed Oops mode: 32-bit
[2019-05-18T09:30:37.697+0100][gc,cds       ] Mark closed archive regions in map: [0x00000000fff00000, 0x00000000fff69ff8]
[2019-05-18T09:30:37.697+0100][gc,cds       ] Mark open archive regions in map: [0x00000000ffe00000, 0x00000000ffe34ff8]
[2019-05-18T09:30:38.599+0100][gc,start     ] GC(0) Pause Young (Normal) (G1 Evacuation Pause)
[2019-05-18T09:30:38.600+0100][gc,task      ] GC(0) Using 8 workers of 8 for evacuation
[2019-05-18T09:30:38.608+0100][gc,phases    ] GC(0)   Pre Evacuate Collection Set: 0,0ms
[2019-05-18T09:30:38.608+0100][gc,phases    ] GC(0)   Evacuate Collection Set: 7,5ms
[2019-05-18T09:30:38.608+0100][gc,phases    ] GC(0)   Post Evacuate Collection Set: 0,5ms
[2019-05-18T09:30:38.608+0100][gc,phases    ] GC(0)   Other: 0,9ms
[2019-05-18T09:30:38.608+0100][gc,heap      ] GC(0) Eden regions: 51->0(45)
[2019-05-18T09:30:38.608+0100][gc,heap      ] GC(0) Survivor regions: 0->6(7)
[2019-05-18T09:30:38.608+0100][gc,heap      ] GC(0) Old regions: 2->2
[2019-05-18T09:30:38.608+0100][gc,heap      ] GC(0) Humongous regions: 0->0
[2019-05-18T09:30:38.608+0100][gc,metaspace ] GC(0) Metaspace: 16962K->16962K(1064960K)
[2019-05-18T09:30:38.608+0100][gc           ] GC(0) Pause Young (Normal) (G1 Evacuation Pause) 51M->6M(1024M) 8,987ms
[2019-05-18T09:30:38.608+0100][gc,cpu       ] GC(0) User=0,06s Sys=0,00s Real=0,01s
[2019-05-18T09:30:38.823+0100][gc,start     ] GC(1) Pause Young (Concurrent Start) (Metadata GC Threshold)
[2019-05-18T09:30:38.823+0100][gc,task      ] GC(1) Using 8 workers of 8 for evacuation
[2019-05-18T09:30:38.829+0100][gc,phases    ] GC(1)   Pre Evacuate Collection Set: 0,0ms
[2019-05-18T09:30:38.829+0100][gc,phases    ] GC(1)   Evacuate Collection Set: 5,8ms
[2019-05-18T09:30:38.829+0100][gc,phases    ] GC(1)   Post Evacuate Collection Set: 0,4ms
[2019-05-18T09:30:38.829+0100][gc,phases    ] GC(1)   Other: 0,2ms
[2019-05-18T09:30:38.829+0100][gc,heap      ] GC(1) Eden regions: 16->0(49)
[2019-05-18T09:30:38.829+0100][gc,heap      ] GC(1) Survivor regions: 6->2(7)
[2019-05-18T09:30:38.829+0100][gc,heap      ] GC(1) Old regions: 2->8
[2019-05-18T09:30:38.829+0100][gc,heap      ] GC(1) Humongous regions: 129->129
[2019-05-18T09:30:38.829+0100][gc,metaspace ] GC(1) Metaspace: 20595K->20595K(1067008K)
[2019-05-18T09:30:38.829+0100][gc           ] GC(1) Pause Young (Concurrent Start) (Metadata GC Threshold) 151M->136M(1024M) 6,482ms
[2019-05-18T09:30:38.829+0100][gc,cpu       ] GC(1) User=0,03s Sys=0,01s Real=0,00s
[2019-05-18T09:30:38.830+0100][gc           ] GC(2) Concurrent Cycle
[2019-05-18T09:30:38.830+0100][gc,marking   ] GC(2) Concurrent Clear Claimed Marks
[2019-05-18T09:30:38.830+0100][gc,marking   ] GC(2) Concurrent Clear Claimed Marks 0,055ms
[2019-05-18T09:30:38.830+0100][gc,marking   ] GC(2) Concurrent Scan Root Regions
[2019-05-18T09:30:38.830+0100][gc,marking   ] GC(2) Concurrent Scan Root Regions 0,717ms
[2019-05-18T09:30:38.830+0100][gc,marking   ] GC(2) Concurrent Mark (1,144s)
[2019-05-18T09:30:38.830+0100][gc,marking   ] GC(2) Concurrent Mark From Roots
[2019-05-18T09:30:38.830+0100][gc,task      ] GC(2) Using 2 workers of 2 for marking
[2019-05-18T09:30:38.836+0100][gc,marking   ] GC(2) Concurrent Mark From Roots 5,788ms
[2019-05-18T09:30:38.836+0100][gc,marking   ] GC(2) Concurrent Preclean
[2019-05-18T09:30:38.836+0100][gc,marking   ] GC(2) Concurrent Preclean 0,112ms
[2019-05-18T09:30:38.836+0100][gc,marking   ] GC(2) Concurrent Mark (1,144s, 1,150s) 5,939ms
[2019-05-18T09:30:38.836+0100][gc,start     ] GC(2) Pause Remark
[2019-05-18T09:30:38.838+0100][gc,stringtable] GC(2) Cleaned string and symbol table, strings: 4977 processed, 0 removed, symbols: 50787 processed, 43 removed
[2019-05-18T09:30:38.838+0100][gc            ] GC(2) Pause Remark 138M->138M(1024M) 1,508ms
[2019-05-18T09:30:38.838+0100][gc,cpu        ] GC(2) User=0,01s Sys=0,00s Real=0,00s
[2019-05-18T09:30:38.838+0100][gc,marking    ] GC(2) Concurrent Rebuild Remembered Sets
[2019-05-18T09:30:38.841+0100][gc,marking    ] GC(2) Concurrent Rebuild Remembered Sets 2,885ms
[2019-05-18T09:30:38.841+0100][gc,start      ] GC(2) Pause Cleanup
[2019-05-18T09:30:38.841+0100][gc            ] GC(2) Pause Cleanup 138M->138M(1024M) 0,169ms
[2019-05-18T09:30:38.841+0100][gc,cpu        ] GC(2) User=0,00s Sys=0,00s Real=0,00s
[2019-05-18T09:30:38.841+0100][gc,marking    ] GC(2) Concurrent Cleanup for Next Mark
[2019-05-18T09:30:38.845+0100][gc,marking    ] GC(2) Concurrent Cleanup for Next Mark 3,413ms
[2019-05-18T09:30:38.845+0100][gc            ] GC(2) Concurrent Cycle 15,053ms
[2019-05-18T09:37:26.789+0100][gc,start      ] GC(3) Pause Young (Normal) (G1 Evacuation Pause)
[2019-05-18T09:37:26.789+0100][gc,task       ] GC(3) Using 8 workers of 8 for evacuation
[2019-05-18T09:37:26.792+0100][gc,phases     ] GC(3)   Pre Evacuate Collection Set: 0,0ms
[2019-05-18T09:37:26.792+0100][gc,phases     ] GC(3)   Evacuate Collection Set: 2,7ms
[2019-05-18T09:37:26.792+0100][gc,phases     ] GC(3)   Post Evacuate Collection Set: 0,7ms
[2019-05-18T09:37:26.792+0100][gc,phases     ] GC(3)   Other: 0,2ms
[2019-05-18T09:37:26.792+0100][gc,heap       ] GC(3) Eden regions: 49->0(46)
[2019-05-18T09:37:26.792+0100][gc,heap       ] GC(3) Survivor regions: 2->5(7)
[2019-05-18T09:37:26.792+0100][gc,heap       ] GC(3) Old regions: 8->8
[2019-05-18T09:37:26.792+0100][gc,heap       ] GC(3) Humongous regions: 129->129
[2019-05-18T09:37:26.792+0100][gc,metaspace  ] GC(3) Metaspace: 29791K->29791K(1075200K)
[2019-05-18T09:37:26.792+0100][gc            ] GC(3) Pause Young (Normal) (G1 Evacuation Pause) 185M->140M(1024M) 3,687ms
[2019-05-18T09:37:26.792+0100][gc,cpu        ] GC(3) User=0,02s Sys=0,00s Real=0,01s
[2019-05-18T09:40:11.813+0100][gc,start      ] GC(4) Pause Young (Concurrent Start) (Metadata GC Threshold)
[2019-05-18T09:40:11.813+0100][gc,task       ] GC(4) Using 8 workers of 8 for evacuation
[2019-05-18T09:40:11.821+0100][gc,phases     ] GC(4)   Pre Evacuate Collection Set: 0,1ms
[2019-05-18T09:40:11.821+0100][gc,phases     ] GC(4)   Evacuate Collection Set: 6,6ms
[2019-05-18T09:40:11.821+0100][gc,phases     ] GC(4)   Post Evacuate Collection Set: 1,0ms
[2019-05-18T09:40:11.821+0100][gc,phases     ] GC(4)   Other: 0,3ms
[2019-05-18T09:40:11.821+0100][gc,heap       ] GC(4) Eden regions: 40->0(45)
[2019-05-18T09:40:11.821+0100][gc,heap       ] GC(4) Survivor regions: 5->6(7)
[2019-05-18T09:40:11.821+0100][gc,heap       ] GC(4) Old regions: 8->9
[2019-05-18T09:40:11.821+0100][gc,heap       ] GC(4) Humongous regions: 129->129
[2019-05-18T09:40:11.821+0100][gc,metaspace  ] GC(4) Metaspace: 33764K->33764K(1079296K)
[2019-05-18T09:40:11.821+0100][gc            ] GC(4) Pause Young (Concurrent Start) (Metadata GC Threshold) 179M->142M(1024M) 8,200ms
[2019-05-18T09:40:11.821+0100][gc,cpu        ] GC(4) User=0,04s Sys=0,00s Real=0,01s
[2019-05-18T09:40:11.822+0100][gc            ] GC(5) Concurrent Cycle
[2019-05-18T09:40:11.822+0100][gc,marking    ] GC(5) Concurrent Clear Claimed Marks
[2019-05-18T09:40:11.822+0100][gc,marking    ] GC(5) Concurrent Clear Claimed Marks 0,199ms
[2019-05-18T09:40:11.822+0100][gc,marking    ] GC(5) Concurrent Scan Root Regions
[2019-05-18T09:40:11.826+0100][gc,marking    ] GC(5) Concurrent Scan Root Regions 3,870ms
[2019-05-18T09:40:11.826+0100][gc,marking    ] GC(5) Concurrent Mark (573,481s)
[2019-05-18T09:40:11.826+0100][gc,marking    ] GC(5) Concurrent Mark From Roots
[2019-05-18T09:40:11.826+0100][gc,task       ] GC(5) Using 2 workers of 2 for marking
[2019-05-18T09:40:11.831+0100][gc,marking    ] GC(5) Concurrent Mark From Roots 5,334ms
[2019-05-18T09:40:11.831+0100][gc,marking    ] GC(5) Concurrent Preclean
[2019-05-18T09:40:11.831+0100][gc,marking    ] GC(5) Concurrent Preclean 0,119ms
[2019-05-18T09:40:11.831+0100][gc,marking    ] GC(5) Concurrent Mark (573,481s, 573,487s) 5,524ms
[2019-05-18T09:40:11.831+0100][gc,start      ] GC(5) Pause Remark
[2019-05-18T09:40:11.833+0100][gc,stringtable] GC(5) Cleaned string and symbol table, strings: 8662 processed, 9 removed, symbols: 71420 processed, 15 removed
[2019-05-18T09:40:11.834+0100][gc            ] GC(5) Pause Remark 142M->142M(1024M) 2,072ms
[2019-05-18T09:40:11.834+0100][gc,cpu        ] GC(5) User=0,01s Sys=0,00s Real=0,00s
[2019-05-18T09:40:11.834+0100][gc,marking    ] GC(5) Concurrent Rebuild Remembered Sets
[2019-05-18T09:40:11.837+0100][gc,marking    ] GC(5) Concurrent Rebuild Remembered Sets 3,538ms
[2019-05-18T09:40:11.837+0100][gc,start      ] GC(5) Pause Cleanup
[2019-05-18T09:40:11.837+0100][gc            ] GC(5) Pause Cleanup 142M->142M(1024M) 0,151ms
[2019-05-18T09:40:11.837+0100][gc,cpu        ] GC(5) User=0,00s Sys=0,00s Real=0,00s
[2019-05-18T09:40:11.837+0100][gc,marking    ] GC(5) Concurrent Cleanup for Next Mark
[2019-05-18T09:40:11.842+0100][gc,marking    ] GC(5) Concurrent Cleanup for Next Mark 4,411ms
[2019-05-18T09:40:11.842+0100][gc            ] GC(5) Concurrent Cycle 20,415ms
[2019-05-18T09:41:24.487+0100][gc,heap,exit  ] Heap
[2019-05-18T09:41:24.487+0100][gc,heap,exit  ]  garbage-first heap   total 1048576K, used 161260K [0x00000000c0000000, 0x0000000100000000)
[2019-05-18T09:41:24.487+0100][gc,heap,exit  ]   region size 1024K, 22 young (22528K), 6 survivors (6144K)
[2019-05-18T09:41:24.487+0100][gc,heap,exit  ]  Metaspace       used 34819K, capacity 37240K, committed 37372K, reserved 1081344K
[2019-05-18T09:41:24.487+0100][gc,heap,exit  ]   class space    used 5219K, capacity 6414K, committed 6476K, reserved 1048576K
