OpenJDK 64-Bit Server VM (25.212-b03) for linux-amd64 JRE (1.8.0_212-8u212-b03-0ubuntu1.16.04.1-b03), built on Apr 26 2019 02:02:50 by "buildd" with gcc 5.4.0 20160609
Memory: 4k page, physical 8167900k(5874080k free), swap 8386556k(8386556k free)
CommandLine flags: -XX:+ExplicitGCInvokesConcurrent -XX:GCLogFileSize=104857600 -XX:InitialHeapSize=536870912 -XX:InitiatingHeapOccupancyPercent=35 -XX:+ManagementServer -XX:MaxGCPauseMillis=20 -XX:MaxHeapSize=536870912 -XX:NumberOfGCLogFiles=10 -XX:+PrintGC -XX:+PrintGCDateStamps -XX:+PrintGCDetails -XX:+PrintGCTimeStamps -XX:+UseCompressedClassPointers -XX:+UseCompressedOops -XX:+UseG1GC -XX:+UseGCLogFileRotation 
2019-05-22T12:33:12.119+0100: 1217,215: [GC pause (G1 Evacuation Pause) (young), 0,0178939 secs]
   [Parallel Time: 12,9 ms, GC Workers: 4]
      [GC Worker Start (ms): Min: 1217215,4, Avg: 1217217,1, Max: 1217218,9, Diff: 3,5]
      [Ext Root Scanning (ms): Min: 0,0, Avg: 1,2, Max: 3,1, Diff: 3,1, Sum: 4,9]
      [Update RS (ms): Min: 0,0, Avg: 0,0, Max: 0,0, Diff: 0,0, Sum: 0,0]
         [Processed Buffers: Min: 0, Avg: 0,0, Max: 0, Diff: 0, Sum: 0]
      [Scan RS (ms): Min: 0,0, Avg: 0,0, Max: 0,0, Diff: 0,0, Sum: 0,0]
      [Code Root Scanning (ms): Min: 0,3, Avg: 0,7, Max: 1,2, Diff: 0,9, Sum: 2,7]
      [Object Copy (ms): Min: 6,7, Avg: 8,0, Max: 9,0, Diff: 2,3, Sum: 32,2]
      [Termination (ms): Min: 0,0, Avg: 0,8, Max: 1,2, Diff: 1,2, Sum: 3,2]
         [Termination Attempts: Min: 1, Avg: 1,0, Max: 1, Diff: 0, Sum: 4]
      [GC Worker Other (ms): Min: 0,0, Avg: 0,0, Max: 0,0, Diff: 0,0, Sum: 0,1]
      [GC Worker Total (ms): Min: 9,0, Avg: 10,8, Max: 12,5, Diff: 3,5, Sum: 43,0]
      [GC Worker End (ms): Min: 1217227,8, Avg: 1217227,9, Max: 1217228,1, Diff: 0,3]
   [Code Root Fixup: 0,0 ms]
   [Code Root Purge: 0,0 ms]
   [Clear CT: 0,3 ms]
   [Other: 4,6 ms]
      [Choose CSet: 0,0 ms]
      [Ref Proc: 3,5 ms]
      [Ref Enq: 0,0 ms]
      [Redirty Cards: 0,9 ms]
      [Humongous Register: 0,0 ms]
      [Humongous Reclaim: 0,0 ms]
      [Free CSet: 0,1 ms]
   [Eden: 25,0M(25,0M)->0,0B(21,0M) Survivors: 0,0B->4096,0K Heap: 25,0M(512,0M)->3825,3K(512,0M)]
 [Times: user=0,03 sys=0,01, real=0,02 secs] 
Heap
 garbage-first heap   total 524288K, used 10993K [0x00000000e0000000, 0x00000000e0101000, 0x0000000100000000)
  region size 1024K, 12 young (12288K), 4 survivors (4096K)
 Metaspace       used 10298K, capacity 10502K, committed 10752K, reserved 1058816K
  class space    used 1153K, capacity 1223K, committed 1280K, reserved 1048576K
