[2019-05-28T16:34:26.620+0100][gc,heap] Heap region size: 1M
[2019-05-28T16:34:26.627+0100][gc     ] Using G1
[2019-05-28T16:34:26.627+0100][gc,heap,coops] Heap address: 0x00000000e0000000, size: 512 MB, Compressed Oops mode: 32-bit
[2019-05-28T16:34:26.628+0100][gc,cds       ] Mark closed archive regions in map: [0x00000000fff00000, 0x00000000fff69ff8]
[2019-05-28T16:34:26.628+0100][gc,cds       ] Mark open archive regions in map: [0x00000000ffe00000, 0x00000000ffe34ff8]
[2019-05-28T17:37:58.665+0100][gc,start     ] GC(0) Pause Young (Normal) (G1 Evacuation Pause)
[2019-05-28T17:37:58.667+0100][gc,task      ] GC(0) Using 8 workers of 8 for evacuation
[2019-05-28T17:37:58.680+0100][gc,phases    ] GC(0)   Pre Evacuate Collection Set: 0,0ms
[2019-05-28T17:37:58.680+0100][gc,phases    ] GC(0)   Evacuate Collection Set: 12,7ms
[2019-05-28T17:37:58.680+0100][gc,phases    ] GC(0)   Post Evacuate Collection Set: 0,4ms
[2019-05-28T17:37:58.680+0100][gc,phases    ] GC(0)   Other: 1,4ms
[2019-05-28T17:37:58.680+0100][gc,heap      ] GC(0) Eden regions: 25->0(21)
[2019-05-28T17:37:58.680+0100][gc,heap      ] GC(0) Survivor regions: 0->4(4)
[2019-05-28T17:37:58.680+0100][gc,heap      ] GC(0) Old regions: 2->3
[2019-05-28T17:37:58.680+0100][gc,heap      ] GC(0) Humongous regions: 0->0
[2019-05-28T17:37:58.680+0100][gc,metaspace ] GC(0) Metaspace: 7629K->7629K(1056768K)
[2019-05-28T17:37:58.680+0100][gc           ] GC(0) Pause Young (Normal) (G1 Evacuation Pause) 25M->5M(512M) 14,649ms
[2019-05-28T17:37:58.680+0100][gc,cpu       ] GC(0) User=0,07s Sys=0,00s Real=0,02s
[2019-05-28T18:15:52.515+0100][gc,heap,exit ] Heap
[2019-05-28T18:15:52.515+0100][gc,heap,exit ]  garbage-first heap   total 524288K, used 8660K [0x00000000e0000000, 0x0000000100000000)
[2019-05-28T18:15:52.515+0100][gc,heap,exit ]   region size 1024K, 8 young (8192K), 4 survivors (4096K)
[2019-05-28T18:15:52.515+0100][gc,heap,exit ]  Metaspace       used 7644K, capacity 7989K, committed 8192K, reserved 1056768K
[2019-05-28T18:15:52.515+0100][gc,heap,exit ]   class space    used 844K, capacity 964K, committed 1024K, reserved 1048576K
