[2019-05-28T16:34:00.605+0100][gc,heap] Heap region size: 1M
[2019-05-28T16:34:00.611+0100][gc     ] Using G1
[2019-05-28T16:34:00.611+0100][gc,heap,coops] Heap address: 0x00000000e0000000, size: 512 MB, Compressed Oops mode: 32-bit
[2019-05-28T16:34:00.611+0100][gc,cds       ] Mark closed archive regions in map: [0x00000000fff00000, 0x00000000fff69ff8]
[2019-05-28T16:34:00.611+0100][gc,cds       ] Mark open archive regions in map: [0x00000000ffe00000, 0x00000000ffe34ff8]
[2019-05-28T16:34:23.149+0100][gc,heap,exit ] Heap
[2019-05-28T16:34:23.149+0100][gc,heap,exit ]  garbage-first heap   total 524288K, used 21116K [0x00000000e0000000, 0x0000000100000000)
[2019-05-28T16:34:23.149+0100][gc,heap,exit ]   region size 1024K, 21 young (21504K), 0 survivors (0K)
[2019-05-28T16:34:23.149+0100][gc,heap,exit ]  Metaspace       used 6912K, capacity 7253K, committed 7424K, reserved 1056768K
[2019-05-28T16:34:23.149+0100][gc,heap,exit ]   class space    used 797K, capacity 932K, committed 1024K, reserved 1048576K
